Component: ARM Compiler 5.05 update 1 (build 106) Tool: armlink [4d0efa]

==============================================================================

Section Cross References

    main.o(i.main) refers to mainjudge.o(i.AllInit) for AllInit
    main.o(i.main) refers to pcf8574.o(i.PCF8574_WriteBit) for PCF8574_WriteBit
    main.o(i.main) refers to delay.o(i.delay_ms) for delay_ms
    main.o(i.main) refers to mainjudge.o(i.WifiReceiveJudge) for WifiReceiveJudge
    main.o(i.main) refers to mainjudge.o(i.Usart2ReceiveJudge) for Usart2ReceiveJudge
    main.o(i.main) refers to usart.o(.data) for UART4_RX_LEN
    stm32f4xx_it.o(i.SysTick_Handler) refers to stm32f4xx_hal.o(i.HAL_IncTick) for HAL_IncTick
    system_stm32f4xx.o(i.SystemCoreClockUpdate) refers to system_stm32f4xx.o(.data) for .data
    startup_stm32f429xx.o(STACK) refers (Special) to heapauxi.o(.text) for __use_two_region_memory
    startup_stm32f429xx.o(HEAP) refers (Special) to heapauxi.o(.text) for __use_two_region_memory
    startup_stm32f429xx.o(RESET) refers (Special) to heapauxi.o(.text) for __use_two_region_memory
    startup_stm32f429xx.o(RESET) refers to startup_stm32f429xx.o(STACK) for __initial_sp
    startup_stm32f429xx.o(RESET) refers to startup_stm32f429xx.o(.text) for Reset_Handler
    startup_stm32f429xx.o(RESET) refers to stm32f4xx_it.o(i.NMI_Handler) for NMI_Handler
    startup_stm32f429xx.o(RESET) refers to stm32f4xx_it.o(i.HardFault_Handler) for HardFault_Handler
    startup_stm32f429xx.o(RESET) refers to stm32f4xx_it.o(i.MemManage_Handler) for MemManage_Handler
    startup_stm32f429xx.o(RESET) refers to stm32f4xx_it.o(i.BusFault_Handler) for BusFault_Handler
    startup_stm32f429xx.o(RESET) refers to stm32f4xx_it.o(i.UsageFault_Handler) for UsageFault_Handler
    startup_stm32f429xx.o(RESET) refers to stm32f4xx_it.o(i.SVC_Handler) for SVC_Handler
    startup_stm32f429xx.o(RESET) refers to stm32f4xx_it.o(i.DebugMon_Handler) for DebugMon_Handler
    startup_stm32f429xx.o(RESET) refers to os_cpu_a.o(CODE) for PendSV_Handler
    startup_stm32f429xx.o(RESET) refers to stm32f4xx_it.o(i.SysTick_Handler) for SysTick_Handler
    startup_stm32f429xx.o(RESET) refers to usmart.o(i.TIM4_IRQHandler) for TIM4_IRQHandler
    startup_stm32f429xx.o(RESET) refers to usart.o(i.USART1_IRQHandler) for USART1_IRQHandler
    startup_stm32f429xx.o(RESET) refers to usart.o(i.USART2_IRQHandler) for USART2_IRQHandler
    startup_stm32f429xx.o(RESET) refers to usart.o(i.USART3_IRQHandler) for USART3_IRQHandler
    startup_stm32f429xx.o(RESET) refers to usart.o(i.UART4_IRQHandler) for UART4_IRQHandler
    startup_stm32f429xx.o(RESET) refers to timer.o(i.TIM7_IRQHandler) for TIM7_IRQHandler
    startup_stm32f429xx.o(RESET) refers to usart.o(i.USART6_IRQHandler) for USART6_IRQHandler
    startup_stm32f429xx.o(.text) refers (Special) to heapauxi.o(.text) for __use_two_region_memory
    startup_stm32f429xx.o(.text) refers to system_stm32f4xx.o(i.SystemInit) for SystemInit
    startup_stm32f429xx.o(.text) refers to __main.o(!!!main) for __main
    startup_stm32f429xx.o(.text) refers to startup_stm32f429xx.o(HEAP) for Heap_Mem
    startup_stm32f429xx.o(.text) refers to startup_stm32f429xx.o(STACK) for Stack_Mem
    stm32f4xx_hal.o(i.HAL_DeInit) refers to stm32f4xx_hal.o(i.HAL_MspDeInit) for HAL_MspDeInit
    stm32f4xx_hal.o(i.HAL_Delay) refers to stm32f4xx_hal.o(i.HAL_GetTick) for HAL_GetTick
    stm32f4xx_hal.o(i.HAL_GetTick) refers to stm32f4xx_hal.o(.data) for .data
    stm32f4xx_hal.o(i.HAL_IncTick) refers to stm32f4xx_hal.o(.data) for .data
    stm32f4xx_hal.o(i.HAL_Init) refers to stm32f4xx_hal_cortex.o(i.HAL_NVIC_SetPriorityGrouping) for HAL_NVIC_SetPriorityGrouping
    stm32f4xx_hal.o(i.HAL_Init) refers to stm32f4xx_hal.o(i.HAL_InitTick) for HAL_InitTick
    stm32f4xx_hal.o(i.HAL_Init) refers to stm32f4xx_hal.o(i.HAL_MspInit) for HAL_MspInit
    stm32f4xx_hal.o(i.HAL_InitTick) refers to stm32f4xx_hal_rcc.o(i.HAL_RCC_GetHCLKFreq) for HAL_RCC_GetHCLKFreq
    stm32f4xx_hal.o(i.HAL_InitTick) refers to stm32f4xx_hal_cortex.o(i.HAL_SYSTICK_Config) for HAL_SYSTICK_Config
    stm32f4xx_hal.o(i.HAL_InitTick) refers to stm32f4xx_hal_cortex.o(i.HAL_NVIC_SetPriority) for HAL_NVIC_SetPriority
    stm32f4xx_hal_cortex.o(i.HAL_NVIC_SetPriority) refers to stm32f4xx_hal_cortex.o(i.NVIC_SetPriority) for NVIC_SetPriority
    stm32f4xx_hal_cortex.o(i.HAL_SYSTICK_Config) refers to stm32f4xx_hal_cortex.o(i.NVIC_SetPriority) for NVIC_SetPriority
    stm32f4xx_hal_cortex.o(i.HAL_SYSTICK_IRQHandler) refers to stm32f4xx_hal_cortex.o(i.HAL_SYSTICK_Callback) for HAL_SYSTICK_Callback
    stm32f4xx_hal_gpio.o(i.HAL_GPIO_EXTI_IRQHandler) refers to stm32f4xx_hal_gpio.o(i.HAL_GPIO_EXTI_Callback) for HAL_GPIO_EXTI_Callback
    stm32f4xx_hal_ltdc.o(i.HAL_LTDC_ConfigLayer) refers to rt_memcpy_w.o(.text) for __aeabi_memcpy4
    stm32f4xx_hal_ltdc.o(i.HAL_LTDC_ConfigLayer) refers to stm32f4xx_hal_ltdc.o(i.LTDC_SetConfig) for LTDC_SetConfig
[...]
    desk_flag                                0x200000e5   Data           1  function.o(.data)
    jram_flag                                0x200000e6   Data           1  function.o(.data)
    swash_dry_flag                           0x200000e7   Data           1  function.o(.data)
    lock_flag                                0x200000e8   Data           1  function.o(.data)
    fault_flag                               0x200000e9   Data           1  function.o(.data)
    swash_hand_flag                          0x200000ea   Data           1  function.o(.data)
    dry_hand_flag                            0x200000eb   Data           1  function.o(.data)
    armleg_left_flag                         0x200000ec   Data           1  function.o(.data)
    armleg_right_flag                        0x200000ed   Data           1  function.o(.data)
    armleg_left_right_flag                   0x200000ee   Data           1  function.o(.data)
    arm_fore_left_flag                       0x200000ef   Data           1  function.o(.data)
    leg_fore_left_flag                       0x200000f0   Data           1  function.o(.data)
    arm_fore_right_flag                      0x200000f1   Data           1  function.o(.data)
    leg_fore_right_flag                      0x200000f2   Data           1  function.o(.data)
    arm_post_left_flag                       0x200000f3   Data           1  function.o(.data)
    leg_post_left_flag                       0x200000f4   Data           1  function.o(.data)
    arm_post_right_flag                      0x200000f5   Data           1  function.o(.data)
    leg_post_right_flag                      0x200000f6   Data           1  function.o(.data)
    arm_fore_post_left_flag                  0x200000f7   Data           1  function.o(.data)
    leg_fore_post_left_flag                  0x200000f8   Data           1  function.o(.data)
    arm_fore_post_right_flag                 0x200000f9   Data           1  function.o(.data)
    leg_fore_post_right_flag                 0x200000fa   Data           1  function.o(.data)
    arm_fore_left_right_flag                 0x200000fb   Data           1  function.o(.data)
    leg_fore_left_right_flag                 0x200000fc   Data           1  function.o(.data)
    arm_post_left_right_flag                 0x200000fd   Data           1  function.o(.data)
    leg_post_left_right_flag                 0x200000fe   Data           1  function.o(.data)
    arm_fore_post_left_right_flag            0x200000ff   Data           1  function.o(.data)
    leg_fore_post_left_right_flag            0x20000100   Data           1  function.o(.data)
    back_picture_k                           0x20000101   Data           1  function.o(.data)
    leg_up_picture_k                         0x20000102   Data           1  function.o(.data)
    leg_down_picture_k                       0x20000103   Data           1  function.o(.data)
    desk_picture_k                           0x20000104   Data           1  function.o(.data)
    washlet_picture_k                        0x20000105   Data           1  function.o(.data)
    body_left_picture_k                      0x20000106   Data           1  function.o(.data)
    left_motor5_picture_m                    0x20000107   Data           1  function.o(.data)
    body_right_picture_k                     0x20000108   Data           1  function.o(.data)
    right_motor5_picture_m                   0x20000109   Data           1  function.o(.data)
    back_nursing_left_picture_k              0x2000010a   Data           1  function.o(.data)
    waist_nursing_left_picture_k             0x2000010b   Data           1  function.o(.data)
    back_nursing_right_picture_k             0x2000010c   Data           1  function.o(.data)
    waist_nursing_right_picture_k            0x2000010d   Data           1  function.o(.data)
    body_left_overload_5                     0x2000010e   Data           1  function.o(.data)
    body_right_overload_5                    0x2000010f   Data           1  function.o(.data)
    back_dir_flag                            0x20000110   Data           1  function.o(.data)
    body_left_dir_flag                       0x20000111   Data           1  function.o(.data)
    body_right_dir_flag                      0x20000112   Data           1  function.o(.data)
    back_nursing_left_dir_flag               0x20000113   Data           1  function.o(.data)
    back_nursing_right_dir_flag              0x20000114   Data           1  function.o(.data)
    waist_nursing_left_dir_flag              0x20000115   Data           1  function.o(.data)
    waist_nursing_right_dir_flag             0x20000116   Data           1  function.o(.data)
    washlet_auto_dir_flag                    0x20000117   Data           1  function.o(.data)
    muscle_massager_flag                     0x20000118   Data           1  function.o(.data)
    lock_dir_flag                            0x20000119   Data           1  function.o(.data)
    leg_down_state_flag                      0x2000011a   Data           1  function.o(.data)
    back_state_flag                          0x2000011b   Data           1  function.o(.data)
    device_num                               0x20000173   Data           1  function.o(.data)
    washlet_arr_lim                          0x20000174   Data           2  function.o(.data)
    back_runed_arr                           0x20000176   Data           2  function.o(.data)
    leg_up_runed_arr                         0x20000178   Data           2  function.o(.data)
    leg_down_runed_arr                       0x2000017a   Data           2  function.o(.data)
    body_left_runed_arr                      0x2000017c   Data           2  function.o(.data)
    body_right_runed_arr                     0x2000017e   Data           2  function.o(.data)
    desk_runed_arr                           0x20000180   Data           2  function.o(.data)
    timer10_freq                             0x20000182   Data           2  function.o(.data)
    bodyleft_compleate                       0x20000184   Data           2  function.o(.data)
    bodyright_compleate                      0x20000186   Data           2  function.o(.data)
    u1                                       0x200001b8   Data           4  function.o(.data)
    u2                                       0x200001bc   Data           4  function.o(.data)
    u3                                       0x200001c0   Data           4  function.o(.data)
    num                                      0x200001c4   Data           4  function.o(.data)
    arm_left_runed                           0x200001c8   Data           4  function.o(.data)
    arm_left_lim                             0x200001cc   Data           4  function.o(.data)
    leg_left_runed                           0x200001d0   Data           4  function.o(.data)
    leg_left_lim                             0x200001d4   Data           4  function.o(.data)
    arm_right_runed                          0x200001d8   Data           4  function.o(.data)
    arm_right_lim                            0x200001dc   Data           4  function.o(.data)
    leg_right_runed                          0x200001e0   Data           4  function.o(.data)
    leg_right_lim                            0x200001e4   Data           4  function.o(.data)
    arm_left_right_runed                     0x200001e8   Data           4  function.o(.data)
    arm_left_right_lim                       0x200001ec   Data           4  function.o(.data)
    leg_left_right_runed                     0x200001f0   Data           4  function.o(.data)
    leg_left_right_lim                       0x200001f4   Data           4  function.o(.data)
    arm_fore_left_runed                      0x200001f8   Data           4  function.o(.data)
    arm_fore_left_lim                        0x200001fc   Data           4  function.o(.data)
    leg_fore_left_runed                      0x20000200   Data           4  function.o(.data)
    leg_fore_left_lim                        0x20000204   Data           4  function.o(.data)
    arm_post_left_lim                        0x20000208   Data           4  function.o(.data)
    arm_post_left_runed                      0x2000020c   Data           4  function.o(.data)
    leg_post_left_lim                        0x20000210   Data           4  function.o(.data)
    leg_post_left_runed                      0x20000214   Data           4  function.o(.data)
    arm_fore_right_lim                       0x20000218   Data           4  function.o(.data)
    arm_fore_right_runed                     0x2000021c   Data           4  function.o(.data)
    leg_fore_right_lim                       0x20000220   Data           4  function.o(.data)
    leg_fore_right_runed                     0x20000224   Data           4  function.o(.data)
    arm_post_right_lim                       0x20000228   Data           4  function.o(.data)
    arm_post_right_runed                     0x2000022c   Data           4  function.o(.data)
    leg_post_right_lim                       0x20000230   Data           4  function.o(.data)
    leg_post_right_runed                     0x20000234   Data           4  function.o(.data)
    arm_fore_left_right_lim                  0x20000238   Data           4  function.o(.data)
    arm_fore_left_right_runed                0x2000023c   Data           4  function.o(.data)
    leg_fore_left_right_lim                  0x20000240   Data           4  function.o(.data)
    leg_fore_left_right_runed                0x20000244   Data           4  function.o(.data)
    arm_post_left_right_lim                  0x20000248   Data           4  function.o(.data)
    arm_post_left_right_runed                0x2000024c   Data           4  function.o(.data)
    leg_post_left_right_lim                  0x20000250   Data           4  function.o(.data)
    leg_post_left_right_runed                0x20000254   Data           4  function.o(.data)
    swash_dry_runed_pulse                    0x20000258   Data           4  function.o(.data)
    swash_dry_pulse_lim                      0x2000025c   Data           4  function.o(.data)
    temp_flag_1                              0x20000260   Data           4  function.o(.data)
    temp_flag_2                              0x20000264   Data           4  function.o(.data)
    motor_body_freq                          0x20000268   Data           4  function.o(.data)
    motor_washlet_freq                       0x2000026c   Data           4  function.o(.data)
    motor_desk_freq                          0x20000270   Data           4  function.o(.data)
    motor_hang_freq                          0x20000274   Data           4  function.o(.data)
    motor_timer_freq                         0x20000278   Data           4  function.o(.data)
    timer10_freq_1                           0x2000027c   Data           4  function.o(.data)
    timer10_arr_1s                           0x20000280   Data           4  function.o(.data)
    i                                        0x20000284   Data           4  function.o(.data)
    push_rod_runed_pulse                     0x20000288   Data           4  function.o(.data)
    push_rod_pulse_lim                       0x2000028c   Data           4  function.o(.data)
    push_rod_tig_runed_pulse                 0x20000290   Data           4  function.o(.data)
    push_rod_tig_pulse_lim                   0x20000294   Data           4  function.o(.data)
    body_left_overload_3                     0x20000298   Data           1  function.o(.data)
    body_left_overload_4                     0x20000299   Data           1  function.o(.data)
    body_right_overload_3                    0x2000029a   Data           1  function.o(.data)
    body_right_overload_4                    0x2000029b   Data           1  function.o(.data)
    washlet_auto_overload                    0x2000029c   Data           1  function.o(.data)
    desk_overload                            0x2000029d   Data           1  function.o(.data)
    back_nursing_left_overload               0x2000029e   Data           1  function.o(.data)
    back_nursing_right_overload              0x2000029f   Data           1  function.o(.data)
    waist_nursing_left_overload              0x200002a0   Data           1  function.o(.data)
    waist_nursing_right_overload             0x200002a1   Data           1  function.o(.data)
    body_left_losepulse                      0x200002a2   Data           1  function.o(.data)
    body_right_losepulse                     0x200002a3   Data           1  function.o(.data)
    washlet_auto_losepulse                   0x200002a4   Data           1  function.o(.data)
    desk_losepulse                           0x200002a5   Data           1  function.o(.data)
    back_nursing_left_losepulse              0x200002a6   Data           1  function.o(.data)
    back_nursing_right_losepulse             0x200002a7   Data           1  function.o(.data)
    waist_nursing_left_losepulse             0x200002a8   Data           1  function.o(.data)
    waist_nursing_right_losepulse            0x200002a9   Data           1  function.o(.data)
    Weight_Shiwu                             0x200002ac   Data           4  hx711.o(.data)
    Phone                                    0x200002b0   Data           1  common.o(.data)
    Remote_Ctl                               0x200002b1   Data           1  common.o(.data)
    Guard_Ctl                                0x200002b2   Data           1  common.o(.data)
    PC                                       0x200002b3   Data           1  common.o(.data)
    Phone_Ready                              0x200002b4   Data           1  common.o(.data)
    PC_Ready                                 0x200002b5   Data           1  common.o(.data)
    RemoteCtl_Ready                          0x200002b6   Data           1  common.o(.data)
    GuardCtl_Ready                           0x200002b7   Data           1  common.o(.data)
    ID_NUM                                   0x200002b8   Data           1  common.o(.data)
    Pad                                      0x200002b9   Data           1  common.o(.data)
    CPU_IntDisMeasCtr                        0x200002bc   Data           2  cpu_core.o(.data)
    CPU_IntDisNestCtr                        0x200002be   Data           2  cpu_core.o(.data)
    CPU_TS_TmrFreq_Hz                        0x200002c0   Data           4  cpu_core.o(.data)
    CPU_IntDisMeasStart_cnts                 0x200002c4   Data           4  cpu_core.o(.data)
    CPU_IntDisMeasStop_cnts                  0x200002c8   Data           4  cpu_core.o(.data)
    CPU_IntDisMeasOvrhd_cnts                 0x200002cc   Data           4  cpu_core.o(.data)
    CPU_IntDisMeasMaxCur_cnts                0x200002d0   Data           4  cpu_core.o(.data)
    CPU_IntDisMeasMax_cnts                   0x200002d4   Data           4  cpu_core.o(.data)
    OS_AppTaskSwHookPtr                      0x200002d8   Data           4  os_var.o(.data)
    OSPrioCur                                0x200002dc   Data           1  os_var.o(.data)
    OSPrioHighRdy                            0x200002dd   Data           1  os_var.o(.data)
    OSTCBCurPtr                              0x200002e0   Data           4  os_var.o(.data)
    OSTCBHighRdyPtr                          0x200002e4   Data           4  os_var.o(.data)
    OS_CPU_ExceptStkBase                     0x200002e8   Data           4  os_cpu_c.o(.data)
    sys_cmd_tab                              0x200002ec   Data          28  usmart.o(.data)
    usmart_nametab                           0x20000308   Data          32  usmart_config.o(.data)
    usmart_dev                               0x20000328   Data         244  usmart_config.o(.data)
    wifi_name                                0x2000041c   Data          20  main.o(.bss)
    wifi_password                            0x20000430   Data          20  main.o(.bss)
    USART_RX_BUF                             0x20000444   Data         200  usart.o(.bss)
    USART6_TX_BUF                            0x20000510   Data         600  usart.o(.bss)
    UART4_TX_BUF                             0x20000768   Data        2048  usart.o(.bss)
    USART3_TX_BUF                            0x20000f68   Data         800  usart.o(.bss)
    USART2_TX_BUF                            0x20001288   Data         800  usart.o(.bss)
    UART4_RX_BUF                             0x200015a8   Data        2048  usart.o(.bss)
    USART3_RX_BUF                            0x20001da8   Data         800  usart.o(.bss)
    USART2_RX_BUF                            0x200020c8   Data         800  usart.o(.bss)
    UART1_Handler                            0x200023e8   Data          64  usart.o(.bss)
    UART2_Handler                            0x20002428   Data          64  usart.o(.bss)
    UART3_Handler                            0x20002468   Data          64  usart.o(.bss)
    UART4_Handler                            0x200024a8   Data          64  usart.o(.bss)
    UART6_Handler                            0x200024e8   Data          64  usart.o(.bss)
    SPI5_Handler                             0x20002528   Data          88  spi.o(.bss)
    W25QXX_BUFFER                            0x20002580   Data        4096  w25qxx.o(.bss)
    TIM10_Handler                            0x20003580   Data          60  timer.o(.bss)
    TIM9_Handler                             0x200035bc   Data          60  timer.o(.bss)
    TIM7_Handler                             0x200035f8   Data          60  timer.o(.bss)
    TIM2_Handler                             0x20003634   Data          60  timer.o(.bss)
    TIM_Handler                              0x20003670   Data          60  pwm.o(.bss)
    TIM_CHXHandler                           0x200036ac   Data          28  pwm.o(.bss)
    NAND_Handler                             0x200036c8   Data          56  nand.o(.bss)
    nand_dev                                 0x20003700   Data          92  nand.o(.bss)
    TIM4_Handler                             0x2000375c   Data          60  usmart.o(.bss)
    __libspace_start                         0x20003798   Data          96  libspace.o(.bss)
    __temporary_stack_top$libspace           0x200037f8   Data           0  libspace.o(.bss)
    mem2base                                 0xc01f4000   Data       29605888  malloc.o(.ARM.__AT_0xC01F4000)
    mem2mapbase                              0xc1e30000   Data       1850368  malloc.o(.ARM.__AT_0xC1E30000)



==============================================================================

Memory Map of the image

  Image Entry point : 0x080001ad

  Load Region LR_IROM1 (Base: 0x08000000, Size: 0x0002a538, Max: 0x00100000, ABSOLUTE, COMPRESSED[0x0002a20c])

    Execution Region ER_IROM1 (Base: 0x08000000, Size: 0x0002a11c, Max: 0x00100000, ABSOLUTE)

    Base Addr    Size         Type   Attr      Idx    E Section Name        Object

    0x08000000   0x000001ac   Data   RO          569    RESET               startup_stm32f429xx.o
    0x080001ac   0x00000008   Code   RO        10966  * !!!main             c_w.l(__main.o)
    0x080001b4   0x00000034   Code   RO        11279    !!!scatter          c_w.l(__scatter.o)
    0x080001e8   0x0000005a   Code   RO        11277    !!dczerorl2         c_w.l(__dczerorl2.o)
    0x08000242   0x00000002   PAD
    0x08000244   0x0000001c   Code   RO        11281    !!handler_zi        c_w.l(__scatter_zi.o)
    0x08000260   0x00000000   Code   RO        10947    .ARM.Collect$$_printf_percent$$00000000  c_w.l(_printf_percent.o)
    0x08000260   0x00000006   Code   RO        11028    .ARM.Collect$$_printf_percent$$00000001  c_w.l(_printf_n.o)
    0x08000266   0x00000006   Code   RO        11029    .ARM.Collect$$_printf_percent$$00000002  c_w.l(_printf_p.o)
    0x0800026c   0x00000006   Code   RO        11032    .ARM.Collect$$_printf_percent$$00000003  c_w.l(_printf_f.o)
    0x08000272   0x00000006   Code   RO        11033    .ARM.Collect$$_printf_percent$$00000004  c_w.l(_printf_e.o)
    0x08000278   0x00000006   Code   RO        11034    .ARM.Collect$$_printf_percent$$00000005  c_w.l(_printf_g.o)
    0x0800027e   0x00000006   Code   RO        11035    .ARM.Collect$$_printf_percent$$00000006  c_w.l(_printf_a.o)
    0x08000284   0x0000000a   Code   RO        11040    .ARM.Collect$$_printf_percent$$00000007  c_w.l(_printf_ll.o)
    0x0800028e   0x00000006   Code   RO        11031    .ARM.Collect$$_printf_percent$$00000008  c_w.l(_printf_i.o)
    0x08000294   0x00000006   Code   RO        10945    .ARM.Collect$$_printf_percent$$00000009  c_w.l(_printf_d.o)
    0x0800029a   0x00000006   Code   RO        10946    .ARM.Collect$$_printf_percent$$0000000A  c_w.l(_printf_u.o)
    0x080002a0   0x00000006   Code   RO        11030    .ARM.Collect$$_printf_percent$$0000000B  c_w.l(_printf_o.o)
    0x080002a6   0x00000006   Code   RO        10944    .ARM.Collect$$_printf_percent$$0000000C  c_w.l(_printf_x.o)
    0x080002ac   0x00000006   Code   RO        11037    .ARM.Collect$$_printf_percent$$0000000D  c_w.l(_printf_lli.o)
    0x080002b2   0x00000006   Code   RO        11038    .ARM.Collect$$_printf_percent$$0000000E  c_w.l(_printf_lld.o)
    0x080002b8   0x00000006   Code   RO        11039    .ARM.Collect$$_printf_percent$$0000000F  c_w.l(_printf_llu.o)
    0x080002be   0x00000006   Code   RO        11044    .ARM.Collect$$_printf_percent$$00000010  c_w.l(_printf_llo.o)
    0x080002c4   0x00000006   Code   RO        11045    .ARM.Collect$$_printf_percent$$00000011  c_w.l(_printf_llx.o)
    0x080002ca   0x0000000a   Code   RO        11041    .ARM.Collect$$_printf_percent$$00000012  c_w.l(_printf_l.o)
    0x080002d4   0x00000006   Code   RO        10942    .ARM.Collect$$_printf_percent$$00000013  c_w.l(_printf_c.o)
    0x080002da   0x00000006   Code   RO        10943    .ARM.Collect$$_printf_percent$$00000014  c_w.l(_printf_s.o)
    0x080002e0   0x00000006   Code   RO        11042    .ARM.Collect$$_printf_percent$$00000015  c_w.l(_printf_lc.o)
    0x080002e6   0x00000006   Code   RO        11043    .ARM.Collect$$_printf_percent$$00000016  c_w.l(_printf_ls.o)
    0x080002ec   0x00000004   Code   RO        11036    .ARM.Collect$$_printf_percent$$00000017  c_w.l(_printf_percent_end.o)
    0x080002f0   0x00000002   Code   RO        11145    .ARM.Collect$$libinit$$00000000  c_w.l(libinit.o)
    0x080002f2   0x00000004   Code   RO        11164    .ARM.Collect$$libinit$$00000001  c_w.l(libinit2.o)
    0x080002f6   0x00000000   Code   RO        11167    .ARM.Collect$$libinit$$00000004  c_w.l(libinit2.o)
    0x080002f6   0x00000000   Code   RO        11170    .ARM.Collect$$libinit$$0000000A  c_w.l(libinit2.o)
    0x080002f6   0x00000000   Code   RO        11172    .ARM.Collect$$libinit$$0000000C  c_w.l(libinit2.o)
    0x080002f6   0x00000000   Code   RO        11174    .ARM.Collect$$libinit$$0000000E  c_w.l(libinit2.o)
    0x080002f6   0x00000006   Code   RO        11175    .ARM.Collect$$libinit$$0000000F  c_w.l(libinit2.o)
    0x080002fc   0x00000000   Code   RO        11177    .ARM.Collect$$libinit$$00000011  c_w.l(libinit2.o)
    0x080002fc   0x0000000c   Code   RO        11178    .ARM.Collect$$libinit$$00000012  c_w.l(libinit2.o)
    0x08000308   0x00000000   Code   RO        11179    .ARM.Collect$$libinit$$00000013  c_w.l(libinit2.o)
    0x08000308   0x00000000   Code   RO        11181    .ARM.Collect$$libinit$$00000015  c_w.l(libinit2.o)
    0x08000308   0x0000000a   Code   RO        11182    .ARM.Collect$$libinit$$00000016  c_w.l(libinit2.o)
    0x08000312   0x00000000   Code   RO        11183    .ARM.Collect$$libinit$$00000017  c_w.l(libinit2.o)
    0x08000312   0x00000000   Code   RO        11185    .ARM.Collect$$libinit$$00000019  c_w.l(libinit2.o)
    0x08000312   0x00000000   Code   RO        11187    .ARM.Collect$$libinit$$0000001B  c_w.l(libinit2.o)
    0x08000312   0x00000000   Code   RO        11189    .ARM.Collect$$libinit$$0000001D  c_w.l(libinit2.o)
    0x08000312   0x00000000   Code   RO        11191    .ARM.Collect$$libinit$$0000001F  c_w.l(libinit2.o)
    0x08000312   0x00000000   Code   RO        11193    .ARM.Collect$$libinit$$00000021  c_w.l(libinit2.o)
    0x08000312   0x00000000   Code   RO        11195    .ARM.Collect$$libinit$$00000023  c_w.l(libinit2.o)
    0x08000312   0x00000000   Code   RO        11197    .ARM.Collect$$libinit$$00000025  c_w.l(libinit2.o)
    0x08000312   0x00000000   Code   RO        11201    .ARM.Collect$$libinit$$0000002C  c_w.l(libinit2.o)
    0x08000312   0x00000000   Code   RO        11203    .ARM.Collect$$libinit$$0000002E  c_w.l(libinit2.o)
    0x08000312   0x00000000   Code   RO        11205    .ARM.Collect$$libinit$$00000030  c_w.l(libinit2.o)
    0x08000312   0x00000000   Code   RO        11207    .ARM.Collect$$libinit$$00000032  c_w.l(libinit2.o)
    0x08000312   0x00000002   Code   RO        11208    .ARM.Collect$$libinit$$00000033  c_w.l(libinit2.o)
    0x08000314   0x00000002   Code   RO        11234    .ARM.Collect$$libshutdown$$00000000  c_w.l(libshutdown.o)
    0x08000316   0x00000000   Code   RO        11262    .ARM.Collect$$libshutdown$$00000003  c_w.l(libshutdown2.o)
    0x08000316   0x00000000   Code   RO        11265    .ARM.Collect$$libshutdown$$00000006  c_w.l(libshutdown2.o)
    0x08000316   0x00000000   Code   RO        11268    .ARM.Collect$$libshutdown$$00000009  c_w.l(libshutdown2.o)
    0x08000316   0x00000000   Code   RO        11270    .ARM.Collect$$libshutdown$$0000000B  c_w.l(libshutdown2.o)
    0x08000316   0x00000000   Code   RO        11273    .ARM.Collect$$libshutdown$$0000000E  c_w.l(libshutdown2.o)
    0x08000316   0x00000002   Code   RO        11274    .ARM.Collect$$libshutdown$$0000000F  c_w.l(libshutdown2.o)
    0x08000318   0x00000000   Code   RO        10998    .ARM.Collect$$rtentry$$00000000  c_w.l(__rtentry.o)
    0x08000318   0x00000000   Code   RO        11062    .ARM.Collect$$rtentry$$00000002  c_w.l(__rtentry2.o)
    0x08000318   0x00000006   Code   RO        11074    .ARM.Collect$$rtentry$$00000004  c_w.l(__rtentry4.o)
    0x0800031e   0x00000000   Code   RO        11064    .ARM.Collect$$rtentry$$00000009  c_w.l(__rtentry2.o)
    0x0800031e   0x00000004   Code   RO        11065    .ARM.Collect$$rtentry$$0000000A  c_w.l(__rtentry2.o)
    0x08000322   0x00000000   Code   RO        11067    .ARM.Collect$$rtentry$$0000000C  c_w.l(__rtentry2.o)
    0x08000322   0x00000008   Code   RO        11068    .ARM.Collect$$rtentry$$0000000D  c_w.l(__rtentry2.o)
    0x0800032a   0x00000002   Code   RO        11153    .ARM.Collect$$rtexit$$00000000  c_w.l(rtexit.o)
    0x0800032c   0x00000000   Code   RO        11210    .ARM.Collect$$rtexit$$00000002  c_w.l(rtexit2.o)
    0x0800032c   0x00000004   Code   RO        11211    .ARM.Collect$$rtexit$$00000003  c_w.l(rtexit2.o)
    0x08000330   0x00000006   Code   RO        11212    .ARM.Collect$$rtexit$$00000004  c_w.l(rtexit2.o)
    0x08000336   0x00000002   PAD
    0x08000338   0x00000040   Code   RO          570    .text               startup_stm32f429xx.o
    0x08000378   0x00000034   Code   RO         8555    .text               cpu_a.o
    0x080003ac   0x00000002   Code   RO        10877    .text               c_w.l(use_no_semi_2.o)
    0x080003ae   0x00000002   PAD
    0x080003b0   0x00000024   Code   RO        10883    .text               c_w.l(vsprintf.o)
    0x080003d4   0x00000018   Code   RO        10885    .text               c_w.l(__2printf.o)
    0x080003ec   0x0000004e   Code   RO        10895    .text               c_w.l(_printf_pad.o)
    0x0800043a   0x00000052   Code   RO        10897    .text               c_w.l(_printf_str.o)
    0x0800048c   0x00000078   Code   RO        10899    .text               c_w.l(_printf_dec.o)
    0x08000504   0x00000094   Code   RO        10919    .text               c_w.l(_printf_hex_int_ll_ptr.o)
    0x08000598   0x00000188   Code   RO        10939    .text               c_w.l(__printf_flags_ss_wp.o)
    0x08000720   0x00000024   Code   RO        10948    .text               c_w.l(strstr.o)
    0x08000744   0x0000003e   Code   RO        10952    .text               c_w.l(strlen.o)
    0x08000782   0x0000008a   Code   RO        10954    .text               c_w.l(rt_memcpy_v6.o)
    0x0800080c   0x00000064   Code   RO        10956    .text               c_w.l(rt_memcpy_w.o)
    0x08000870   0x00000044   Code   RO        10958    .text               c_w.l(rt_memclr.o)
    0x080008b4   0x0000004e   Code   RO        10960    .text               c_w.l(rt_memclr_w.o)
    0x08000902   0x00000002   PAD
    0x08000904   0x00000080   Code   RO        10962    .text               c_w.l(strcmpv7m.o)
    0x08000984   0x00000006   Code   RO        10964    .text               c_w.l(heapauxi.o)
    0x0800098a   0x00000002   Code   RO        10996    .text               c_w.l(use_no_semi.o)
    0x0800098c   0x00000024   Code   RO        11003    .text               c_w.l(_printf_truncate.o)
    0x080009b0   0x000000b2   Code   RO        11005    .text               c_w.l(_printf_intcommon.o)
    0x08000a62   0x00000028   Code   RO        11007    .text               c_w.l(_printf_charcount.o)
    0x08000a8a   0x00000002   PAD
    0x08000a8c   0x00000030   Code   RO        11009    .text               c_w.l(_printf_char_common.o)
    0x08000abc   0x0000000a   Code   RO        11011    .text               c_w.l(_sputc.o)
    0x08000ac6   0x0000002c   Code   RO        11013    .text               c_w.l(_printf_char.o)
    0x08000af2   0x00000002   PAD
    0x08000af4   0x00000024   Code   RO        11015    .text               c_w.l(_printf_char_file.o)
    0x08000b18   0x000000bc   Code   RO        11017    .text               c_w.l(_printf_wctomb.o)
    0x08000bd4   0x0000007c   Code   RO        11020    .text               c_w.l(_printf_longlong_dec.o)
    0x08000c50   0x00000070   Code   RO        11026    .text               c_w.l(_printf_oct_int_ll.o)
    0x08000cc0   0x0000008a   Code   RO        11078    .text               c_w.l(lludiv10.o)
    0x08000d4a   0x0000041a   Code   RO        11080    .text               c_w.l(_printf_fp_dec.o)
    0x08001164   0x000002fc   Code   RO        11082    .text               c_w.l(_printf_fp_hex.o)
    0x08001460   0x0000002c   Code   RO        11087    .text               c_w.l(_printf_wchar.o)
    0x0800148c   0x00000008   Code   RO        11089    .text               c_w.l(ferror.o)
    0x08001494   0x00000040   Code   RO        11093    .text               c_w.l(_wcrtomb.o)
    0x080014d4   0x0000004a   Code   RO        11095    .text               c_w.l(sys_stackheap_outer.o)
    0x0800151e   0x00000002   PAD
    0x08001520   0x00000010   Code   RO        11097    .text               c_w.l(rt_ctype_table.o)
    0x08001530   0x00000008   Code   RO        11102    .text               c_w.l(rt_locale_intlibspace.o)
    0x08001538   0x00000080   Code   RO        11104    .text               c_w.l(_printf_fp_infnan.o)
    0x080015b8   0x000000dc   Code   RO        11106    .text               c_w.l(bigflt0.o)
    0x08001694   0x0000000c   Code   RO        11134    .text               c_w.l(exit.o)
    0x080016a0   0x00000008   Code   RO        11150    .text               c_w.l(libspace.o)
    0x080016a8   0x0000003e   Code   RO        11109    CL$$btod_d2e        c_w.l(btod.o)
    0x080016e6   0x00000046   Code   RO        11111    CL$$btod_d2e_denorm_low  c_w.l(btod.o)
    0x0800172c   0x00000060   Code   RO        11110    CL$$btod_d2e_norm_op1  c_w.l(btod.o)
    0x0800178c   0x00000338   Code   RO        11119    CL$$btod_div_common  c_w.l(btod.o)
    0x08001ac4   0x000000c6   Code   RO        11116    CL$$btod_e2e        c_w.l(btod.o)
    0x08001b8a   0x00000028   Code   RO        11113    CL$$btod_ediv       c_w.l(btod.o)
    0x08001bb2   0x00000028   Code   RO        11112    CL$$btod_emul       c_w.l(btod.o)
    0x08001bda   0x00000244   Code   RO        11118    CL$$btod_mult_common  c_w.l(btod.o)
    0x08001e1e   0x00000002   PAD
    0x08001e20   0x00000118   Code   RO        10193    CODE                os_cpu_a.o
    0x08001f38   0x0000006a   Code   RO         7263    i.AllInit           mainjudge.o
    0x08001fa2   0x00000002   PAD
    0x08001fa4   0x000001b4   Code   RO         5738    i.Auto_Arm_Leg_Left  function.o
    0x08002158   0x00000200   Code   RO         5739    i.Auto_Arm_Leg_Left_Right  function.o
    0x08002358   0x000001c0   Code   RO         5740    i.Auto_Arm_Leg_Right  function.o
    0x08002518   0x0000034c   Code   RO         5339    i.Auto_Hang_1       motor.o
    0x08002864   0x00000258   Code   RO         5340    i.Auto_Hang_1_2     motor.o
    0x08002abc   0x000002d0   Code   RO         5341    i.Auto_Hang_1_2_3_4  motor.o
    0x08002d8c   0x00000414   Code   RO         5342    i.Auto_Hang_1_3     motor.o
    0x080031a0   0x0000038c   Code   RO         5343    i.Auto_Hang_3       motor.o
    0x0800352c   0x00000258   Code   RO         5344    i.Auto_Hang_3_4     motor.o
    0x08003784   0x00000cd4   Code   RO         5741    i.Back_Leg          function.o
    0x08004458   0x00000030   Code   RO         6765    i.BeepRun           pcf8574.o
    0x08004488   0x00000490   Code   RO         5345    i.BodyLeftRun       motor.o
    0x08004918   0x00000504   Code   RO         7120    i.Breakdown_Treatment  check.o
    0x08004e1c   0x00000002   Code   RO          358    i.BusFault_Handler  stm32f4xx_it.o
    0x08004e1e   0x00000002   PAD
    0x08004e20   0x00000014   Code   RO         8350    i.CPU_IntDisMeasMaxCalc  cpu_core.o
    0x08004e34   0x0000001c   Code   RO         8351    i.CPU_IntDisMeasMaxCurGet  cpu_core.o
    0x08004e50   0x00000020   Code   RO         8352    i.CPU_IntDisMeasMaxCurReset  cpu_core.o
    0x08004e70   0x0000000c   Code   RO         8273    i.CPU_TS_TmrRd      bsp.o
    0x08004e7c   0x00000060   Code   RO         6817    i.DS18B20_Check     ds18b20.o
    0x08004edc   0x00000064   Code   RO         6818    i.DS18B20_Get_Temp  ds18b20.o
    0x08004f40   0x0000005c   Code   RO         6820    i.DS18B20_Read_Bit  ds18b20.o
    0x08004f9c   0x0000001e   Code   RO         6821    i.DS18B20_Read_Byte  ds18b20.o
    0x08004fba   0x00000002   PAD
    0x08004fbc   0x00000040   Code   RO         6822    i.DS18B20_Rst       ds18b20.o
    0x08004ffc   0x0000001a   Code   RO         6823    i.DS18B20_Start     ds18b20.o
    0x08005016   0x00000002   PAD
    0x08005018   0x00000060   Code   RO         6824    i.DS18B20_Write_Byte  ds18b20.o
    0x08005078   0x00000002   Code   RO          359    i.DebugMon_Handler  stm32f4xx_it.o
    0x0800507a   0x00000002   PAD
    0x0800507c   0x00000364   Code   RO         5348    i.DeskRun1          motor.o
    0x080053e0   0x00000114   Code   RO         5742    i.Dry_Auto          function.o
    0x080054f4   0x000001a0   Code   RO         5743    i.Dry_Hand          function.o
    0x08005694   0x00000268   Code   RO         8051    i.ESP8266_AP_Init   common.o
    0x080058fc   0x00000078   Code   RO         8054    i.ESP8266_Get_ID    common.o
    0x08005974   0x0000006c   Code   RO         8055    i.ESP8266_SET_IP    common.o
    0x080059e0   0x00000068   Code   RO         8056    i.ESP8266_SET_PORT  common.o
    0x08005a48   0x0000043c   Code   RO         8057    i.ESP8266_apsta_Init  common.o
    0x08005e84   0x00000064   Code   RO         8058    i.ESP8266_send_data  common.o
    0x08005ee8   0x00000040   Code   RO         5744    i.Exp_Back          function.o
    0x08005f28   0x00000090   Code   RO         5745    i.Exp_Body          function.o
    0x08005fb8   0x00000088   Code   RO         5746    i.Exp_Leg           function.o
    0x08006040   0x00000004   Code   RO         5747    i.Exp_Washlet_Auto  function.o
    0x08006044   0x00000030   Code   RO         3933    i.FMC_NAND_AttributeSpace_Timing_Init  stm32f4xx_ll_fmc.o
    0x08006074   0x00000030   Code   RO         3934    i.FMC_NAND_CommonSpace_Timing_Init  stm32f4xx_ll_fmc.o
    0x080060a4   0x00000050   Code   RO         3939    i.FMC_NAND_Init     stm32f4xx_ll_fmc.o
    0x080060f4   0x0000006c   Code   RO         5748    i.FlagClear         function.o
    0x08006160   0x00000544   Code   RO         5749    i.Fun_Back          function.o
    0x080066a4   0x000005a4   Code   RO         5750    i.Fun_Back_Nursing_Left  function.o
    0x08006c48   0x000005c8   Code   RO         5751    i.Fun_Back_Nursing_Right  function.o
    0x08007210   0x00000970   Code   RO         5752    i.Fun_Body_Left     function.o
    0x08007b80   0x000009bc   Code   RO         5753    i.Fun_Body_Right    function.o
    0x0800853c   0x0000057c   Code   RO         5754    i.Fun_Desk          function.o
    0x08008ab8   0x000005b0   Code   RO         5755    i.Fun_Leg_Down      function.o
    0x08009068   0x0000046c   Code   RO         5756    i.Fun_Leg_Up        function.o
    0x080094d4   0x000005c4   Code   RO         5757    i.Fun_Waist_Nursing_Left  function.o
    0x08009a98   0x000005e8   Code   RO         5758    i.Fun_Waist_Nursing_Right  function.o
    0x0800a080   0x00000538   Code   RO         5759    i.GB_Back           function.o
    0x0800a5b8   0x00000050   Code   RO         5760    i.GB_Back_Nursing   function.o
    0x0800a608   0x00000990   Code   RO         5761    i.GB_Body_Left      function.o
    0x0800af98   0x00000984   Code   RO         5762    i.GB_Body_Right     function.o
    0x0800b91c   0x00000074   Code   RO         5763    i.GB_Lock           function.o
    0x0800b990   0x00000064   Code   RO         5764    i.GB_Waist_Nursing  function.o
    0x0800b9f4   0x000000b0   Code   RO         7123    i.GDCheckAlm        check.o
    0x0800baa4   0x000001b4   Code   RO         7124    i.GDCheckDealy      check.o
    0x0800bc58   0x00000058   Code   RO         7074    i.Get_Weight        hx711.o
    0x0800bcb0   0x000001dc   Code   RO          861    i.HAL_GPIO_Init     stm32f4xx_hal_gpio.o
    0x0800be8c   0x0000000a   Code   RO          865    i.HAL_GPIO_WritePin  stm32f4xx_hal_gpio.o
    0x0800be96   0x00000002   PAD
    0x0800be98   0x0000000c   Code   RO          592    i.HAL_GetTick       stm32f4xx_hal.o
    0x0800bea4   0x00000010   Code   RO          593    i.HAL_IncTick       stm32f4xx_hal.o
    0x0800beb4   0x00000034   Code   RO          594    i.HAL_Init          stm32f4xx_hal.o
    0x0800bee8   0x00000022   Code   RO          595    i.HAL_InitTick      stm32f4xx_hal.o
    0x0800bf0a   0x00000008   Code   RO          597    i.HAL_MspInit       stm32f4xx_hal.o
    0x0800bf12   0x00000062   Code   RO         1124    i.HAL_NAND_Init     stm32f4xx_hal_nand.o
    0x0800bf74   0x000000b0   Code   RO         6882    i.HAL_NAND_MspInit  nand.o
    0x0800c024   0x00000016   Code   RO          738    i.HAL_NVIC_EnableIRQ  stm32f4xx_hal_cortex.o
    0x0800c03a   0x00000002   PAD
    0x0800c03c   0x00000040   Code   RO          744    i.HAL_NVIC_SetPriority  stm32f4xx_hal_cortex.o
    0x0800c07c   0x00000024   Code   RO          745    i.HAL_NVIC_SetPriorityGrouping  stm32f4xx_hal_cortex.o
    0x0800c0a0   0x00000088   Code   RO         1499    i.HAL_PWREx_EnableOverDrive  stm32f4xx_hal_pwr_ex.o
    0x0800c128   0x00000208   Code   RO         1566    i.HAL_RCC_ClockConfig  stm32f4xx_hal_rcc.o
    0x0800c330   0x00000034   Code   RO         1571    i.HAL_RCC_GetHCLKFreq  stm32f4xx_hal_rcc.o
    0x0800c364   0x0000002c   Code   RO         1573    i.HAL_RCC_GetPCLK1Freq  stm32f4xx_hal_rcc.o
    0x0800c390   0x0000002c   Code   RO         1574    i.HAL_RCC_GetPCLK2Freq  stm32f4xx_hal_rcc.o
    0x0800c3bc   0x00000074   Code   RO         1575    i.HAL_RCC_GetSysClockFreq  stm32f4xx_hal_rcc.o
    0x0800c430   0x0000031c   Code   RO         1578    i.HAL_RCC_OscConfig  stm32f4xx_hal_rcc.o
    0x0800c74c   0x00000084   Code   RO         2252    i.HAL_SPI_Init      stm32f4xx_hal_spi.o
    0x0800c7d0   0x00000054   Code   RO         4892    i.HAL_SPI_MspInit   spi.o
    0x0800c824   0x000002aa   Code   RO         2261    i.HAL_SPI_TransmitReceive  stm32f4xx_hal_spi.o
    0x0800cace   0x00000018   Code   RO          747    i.HAL_SYSTICK_CLKSourceConfig  stm32f4xx_hal_cortex.o
    0x0800cae6   0x00000028   Code   RO          749    i.HAL_SYSTICK_Config  stm32f4xx_hal_cortex.o
    0x0800cb0e   0x00000036   Code   RO         2610    i.HAL_TIM_Base_Init  stm32f4xx_hal_tim.o
    0x0800cb44   0x0000003c   Code   RO         5188    i.HAL_TIM_Base_MspInit  timer.o
    0x0800cb80   0x00000018   Code   RO         2615    i.HAL_TIM_Base_Start_IT  stm32f4xx_hal_tim.o
    0x0800cb98   0x0000002a   Code   RO         2618    i.HAL_TIM_Base_Stop_IT  stm32f4xx_hal_tim.o
    0x0800cbc2   0x000000d0   Code   RO         2676    i.HAL_TIM_PWM_ConfigChannel  stm32f4xx_hal_tim.o
    0x0800cc92   0x00000036   Code   RO         2679    i.HAL_TIM_PWM_Init  stm32f4xx_hal_tim.o
    0x0800ccc8   0x000000cc   Code   RO         5267    i.HAL_TIM_PWM_MspInit  pwm.o
    0x0800cd94   0x00000038   Code   RO         2683    i.HAL_TIM_PWM_Start  stm32f4xx_hal_tim.o
    0x0800cdcc   0x00000002   Code   RO         3490    i.HAL_UART_ErrorCallback  stm32f4xx_hal_uart.o
    0x0800cdce   0x00000006   Code   RO         3492    i.HAL_UART_GetState  stm32f4xx_hal_uart.o
    0x0800cdd4   0x000000f4   Code   RO         3493    i.HAL_UART_IRQHandler  stm32f4xx_hal_uart.o
    0x0800cec8   0x0000005e   Code   RO         3494    i.HAL_UART_Init     stm32f4xx_hal_uart.o
    0x0800cf26   0x00000002   PAD
    0x0800cf28   0x0000027c   Code   RO         4651    i.HAL_UART_MspInit  usart.o
    0x0800d1a4   0x000000ca   Code   RO         3497    i.HAL_UART_Receive  stm32f4xx_hal_uart.o
    0x0800d26e   0x00000068   Code   RO         3499    i.HAL_UART_Receive_IT  stm32f4xx_hal_uart.o
    0x0800d2d6   0x00000002   Code   RO         3500    i.HAL_UART_RxCpltCallback  stm32f4xx_hal_uart.o
    0x0800d2d8   0x00000002   Code   RO         3505    i.HAL_UART_TxCpltCallback  stm32f4xx_hal_uart.o
    0x0800d2da   0x00000002   PAD
    0x0800d2dc   0x000000dc   Code   RO         7076    i.HX711_Read        hx711.o
    0x0800d3b8   0x000001a4   Code   RO         5765    i.Hand_Arm_Fore_Left  function.o
    0x0800d55c   0x000001b8   Code   RO         5766    i.Hand_Arm_Fore_Left_Right  function.o
    0x0800d714   0x000001b4   Code   RO         5767    i.Hand_Arm_Fore_Post_Left  function.o
    0x0800d8c8   0x000001cc   Code   RO         5768    i.Hand_Arm_Fore_Post_Left_Right  function.o
    0x0800da94   0x000001b8   Code   RO         5769    i.Hand_Arm_Fore_Post_Right  function.o
    0x0800dc4c   0x000001a0   Code   RO         5770    i.Hand_Arm_Fore_Right  function.o
    0x0800ddec   0x00000170   Code   RO         5771    i.Hand_Arm_Post_Left  function.o
    0x0800df5c   0x00000194   Code   RO         5772    i.Hand_Arm_Post_Left_Right  function.o
    0x0800e0f0   0x00000180   Code   RO         5773    i.Hand_Arm_Post_Right  function.o
    0x0800e270   0x0000050c   Code   RO         5349    i.Hand_Hang_1       motor.o
    0x0800e77c   0x00000498   Code   RO         5350    i.Hand_Hang_1_2     motor.o
    0x0800ec14   0x00000548   Code   RO         5351    i.Hand_Hang_1_2_3_4  motor.o
    0x0800f15c   0x00000600   Code   RO         5352    i.Hand_Hang_1_3     motor.o
    0x0800f75c   0x00000558   Code   RO         5353    i.Hand_Hang_3       motor.o
    0x0800fcb4   0x000004a8   Code   RO         5354    i.Hand_Hang_3_4     motor.o
    0x0801015c   0x000001a0   Code   RO         5774    i.Hand_Leg_Fore_Left  function.o
    0x080102fc   0x000001bc   Code   RO         5775    i.Hand_Leg_Fore_Left_Right  function.o
    0x080104b8   0x000001b4   Code   RO         5776    i.Hand_Leg_Fore_Post_Left  function.o
    0x0801066c   0x000001d4   Code   RO         5777    i.Hand_Leg_Fore_Post_Left_Right  function.o
    0x08010840   0x000001b8   Code   RO         5778    i.Hand_Leg_Fore_Post_Right  function.o
    0x080109f8   0x000001a0   Code   RO         5779    i.Hand_Leg_Fore_Right  function.o
    0x08010b98   0x0000017c   Code   RO         5780    i.Hand_Leg_Post_Left  function.o
    0x08010d14   0x00000198   Code   RO         5781    i.Hand_Leg_Post_Left_Right  function.o
    0x08010eac   0x00000180   Code   RO         5782    i.Hand_Leg_Post_Right  function.o
    0x0801102c   0x00000080   Code   RO         5783    i.Hang1Test         function.o
    0x080110ac   0x00000084   Code   RO         5784    i.Hang2Test         function.o
    0x08011130   0x00000084   Code   RO         5785    i.Hang3Test         function.o
    0x080111b4   0x00000084   Code   RO         5786    i.Hang4Test         function.o
    0x08011238   0x00000160   Code   RO         7203    i.HangRun           hang.o
    0x08011398   0x00000448   Code   RO         7204    i.HangRunAuto       hang.o
    0x080117e0   0x000000c4   Code   RO         5355    i.Hang_Init         motor.o
    0x080118a4   0x00000002   Code   RO          360    i.HardFault_Handler  stm32f4xx_it.o
    0x080118a6   0x00000002   PAD
    0x080118a8   0x00000114   Code   RO         5787    i.Heat              function.o
    0x080119bc   0x00000040   Code   RO         5122    i.IIC_Ack           myiic.o
    0x080119fc   0x00000048   Code   RO         5123    i.IIC_Init          myiic.o
    0x08011a44   0x00000040   Code   RO         5124    i.IIC_NAck          myiic.o
    0x08011a84   0x00000068   Code   RO         5125    i.IIC_Read_Byte     myiic.o
    0x08011aec   0x00000060   Code   RO         5126    i.IIC_Send_Byte     myiic.o
    0x08011b4c   0x00000040   Code   RO         5127    i.IIC_Start         myiic.o
    0x08011b8c   0x00000044   Code   RO         5128    i.IIC_Stop          myiic.o
    0x08011bd0   0x00000054   Code   RO         5129    i.IIC_Wait_Ack      myiic.o
    0x08011c24   0x000000d4   Code   RO         4819    i.KEY_Init          key.o
    0x08011cf8   0x00000118   Code   RO         5789    i.LDUART2           function.o
    0x08011e10   0x00000530   Code   RO         5790    i.LDUART2V2         function.o
    0x08012340   0x000001c0   Code   RO         5791    i.LDUART4           function.o
    0x08012500   0x0000004c   Code   RO         4862    i.LED_Init          led.o
    0x0801254c   0x00000030   Code   RO         4863    i.LedAlm            led.o
    0x0801257c   0x000000a4   Code   RO         5792    i.MOTOR111          function.o
    0x08012620   0x000000a4   Code   RO         5793    i.MOTOR222          function.o
    0x080126c4   0x000000b8   Code   RO         5794    i.MOTOR333          function.o
    0x0801277c   0x000000b8   Code   RO         5795    i.MOTOR444          function.o
    0x08012834   0x000000b8   Code   RO         5796    i.MOTOR555          function.o
    0x080128ec   0x000000b8   Code   RO         5797    i.MOTOR666          function.o
    0x080129a4   0x000000b8   Code   RO         5798    i.MOTOR777          function.o
    0x08012a5c   0x00000002   Code   RO          361    i.MemManage_Handler  stm32f4xx_it.o
    0x08012a5e   0x00000002   PAD
    0x08012a60   0x0000004c   Code   RO         5356    i.Motor345Start     motor.o
    0x08012aac   0x000000d4   Code   RO         5357    i.MotorStart        motor.o
    0x08012b80   0x00000050   Code   RO         5358    i.MotorStop         motor.o
    0x08012bd0   0x0000002c   Code   RO         5359    i.Motor_1_START     motor.o
    0x08012bfc   0x00000014   Code   RO         5360    i.Motor_1_STOP      motor.o
    0x08012c10   0x00000044   Code   RO         5361    i.Motor_3_4_5_START_left  motor.o
    0x08012c54   0x00000044   Code   RO         5362    i.Motor_3_4_5_START_right  motor.o
    0x08012c98   0x0000002c   Code   RO         5363    i.Motor_3_4_5_STOP  motor.o
    0x08012cc4   0x00000016   Code   RO         5364    i.Motor_3_START     motor.o
    0x08012cda   0x00000002   PAD
    0x08012cdc   0x00000018   Code   RO         5365    i.Motor_3_STOP      motor.o
    0x08012cf4   0x00000044   Code   RO         5366    i.Motor_4_Compensate  motor.o
    0x08012d38   0x00000016   Code   RO         5367    i.Motor_4_START     motor.o
    0x08012d4e   0x00000002   PAD
    0x08012d50   0x00000018   Code   RO         5368    i.Motor_4_STOP      motor.o
    0x08012d68   0x00000016   Code   RO         5369    i.Motor_5_START     motor.o
    0x08012d7e   0x00000002   PAD
    0x08012d80   0x00000018   Code   RO         5370    i.Motor_5_STOP      motor.o
    0x08012d98   0x00000016   Code   RO         5371    i.Motor_6_1_START   motor.o
    0x08012dae   0x00000002   PAD
    0x08012db0   0x00000018   Code   RO         5372    i.Motor_6_1_STOP    motor.o
    0x08012dc8   0x0000014c   Code   RO         5373    i.Motor_6_2_START   motor.o
    0x08012f14   0x00000016   Code   RO         5374    i.Motor_6_START     motor.o
    0x08012f2a   0x00000002   PAD
    0x08012f2c   0x00000018   Code   RO         5375    i.Motor_6_STOP      motor.o
    0x08012f44   0x00000016   Code   RO         5376    i.Motor_7_START     motor.o
    0x08012f5a   0x00000002   PAD
    0x08012f5c   0x00000018   Code   RO         5377    i.Motor_7_STOP      motor.o
    0x08012f74   0x0000002a   Code   RO         5378    i.Motor_All_Stop    motor.o
    0x08012f9e   0x00000002   PAD
    0x08012fa0   0x000000d4   Code   RO         5379    i.Motor_Dir_Init    motor.o
    0x08013074   0x000000a4   Code   RO         5799    i.Muscle_Massager   function.o
    0x08013118   0x00000094   Code   RO         6888    i.NAND_Init         nand.o
    0x080131ac   0x00000034   Code   RO         6889    i.NAND_ModeSet      nand.o
    0x080131e0   0x00000048   Code   RO         6890    i.NAND_ReadID       nand.o
    0x08013228   0x00000054   Code   RO         6892    i.NAND_ReadStatus   nand.o
    0x0801327c   0x0000001c   Code   RO         6893    i.NAND_Reset        nand.o
    0x08013298   0x00000028   Code   RO         6894    i.NAND_WaitForReady  nand.o
    0x080132c0   0x00000002   Code   RO          362    i.NMI_Handler       stm32f4xx_it.o
    0x080132c2   0x00000020   Code   RO          751    i.NVIC_SetPriority  stm32f4xx_hal_cortex.o
    0x080132e2   0x00000002   PAD
    0x080132e4   0x00000070   Code   RO        10203    i.OSTaskSwHook      os_cpu_c.o
    0x08013354   0x0000005c   Code   RO         6766    i.PCF8574_Init      pcf8574.o
    0x080133b0   0x00000020   Code   RO         6768    i.PCF8574_ReadOneByte  pcf8574.o
    0x080133d0   0x00000020   Code   RO         6769    i.PCF8574_WriteBit  pcf8574.o
    0x080133f0   0x00000024   Code   RO         6770    i.PCF8574_WriteOneByte  pcf8574.o
    0x08013414   0x0000008c   Code   RO         6996    i.Pump_Init         pump.o
    0x080134a0   0x00000220   Code   RO         6997    i.Push_Rod_Dry      pump.o
    0x080136c0   0x00000060   Code   RO         5380    i.Push_Rod_Init     motor.o
    0x08013720   0x00000030   Code   RO         5381    i.Push_Rod_Start    motor.o
    0x08013750   0x00000018   Code   RO         5382    i.Push_Rod_Stop     motor.o
    0x08013768   0x00000230   Code   RO         6998    i.Push_Rod_Swash    pump.o
    0x08013998   0x000001a8   Code   RO         6999    i.Push_Rod_Swash_Dry  pump.o
    0x08013b40   0x00000060   Code   RO         7001    i.Push_Rod_Swash_Dry_Init  pump.o
    0x08013ba0   0x000000a4   Code   RO         5800    i.Read_Angle        function.o
    0x08013c44   0x0000003c   Code   RO         5801    i.Res_Back          function.o
    0x08013c80   0x000000ac   Code   RO         5802    i.Res_Body_Left     function.o
    0x08013d2c   0x000000ac   Code   RO         5803    i.Res_Body_Right    function.o
    0x08013dd8   0x00000044   Code   RO         5804    i.Res_Desk          function.o
    0x08013e1c   0x00000088   Code   RO         5805    i.Res_Leg           function.o
    0x08013ea4   0x00000074   Code   RO         5806    i.Res_Motor5        function.o
    0x08013f18   0x00000074   Code   RO         5807    i.Res_Power_Down    function.o
    0x08013f8c   0x00000214   Code   RO         7239    i.ResetAll          reset.o
    0x080141a0   0x00000050   Code   RO         4893    i.SPI5_Init         spi.o
    0x080141f0   0x00000020   Code   RO         4894    i.SPI5_ReadWriteByte  spi.o
    0x08014210   0x00000034   Code   RO         4895    i.SPI5_SetSpeed     spi.o
    0x08014244   0x0000009e   Code   RO         2283    i.SPI_WaitOnFlagUntilTimeout  stm32f4xx_hal_spi.o
    0x080142e2   0x00000002   Code   RO          363    i.SVC_Handler       stm32f4xx_it.o
    0x080142e4   0x000000b4   Code   RO         7002    i.Sensor_Init       pump.o
    0x08014398   0x00000080   Code   RO         4624    i.Stm32_Clock_Init  sys.o
    0x08014418   0x000001c0   Code   RO         5808    i.Swash_Auto        function.o
    0x080145d8   0x00000184   Code   RO         5809    i.Swash_Dry         function.o
    0x0801475c   0x000001c0   Code   RO         5810    i.Swash_Hand        function.o
    0x0801491c   0x00000004   Code   RO          364    i.SysTick_Handler   stm32f4xx_it.o
    0x08014920   0x00000054   Code   RO          435    i.SystemInit        system_stm32f4xx.o
    0x08014974   0x00000040   Code   RO         5189    i.TIM10_Init        timer.o
    0x080149b4   0x0000000c   Code   RO         5190    i.TIM10_Stop        timer.o
    0x080149c0   0x00000048   Code   RO         5268    i.TIM1_PWM_CHANNEL_4_START  pwm.o
    0x08014a08   0x00000040   Code   RO         5191    i.TIM2_Init         timer.o
    0x08014a48   0x0000000c   Code   RO         5192    i.TIM2_Stop         timer.o
    0x08014a54   0x00000048   Code   RO         5269    i.TIM3_PWM_CHANNEL_2_START  pwm.o
    0x08014a9c   0x00000034   Code   RO        10684    i.TIM4_IRQHandler   usmart.o
    0x08014ad0   0x00000048   Code   RO         5270    i.TIM5_PWM_CHANNEL_4_START  pwm.o
    0x08014b18   0x0000002c   Code   RO         5193    i.TIM7_IRQHandler   timer.o
    0x08014b44   0x00000040   Code   RO         5194    i.TIM7_Init         timer.o
    0x08014b84   0x00000048   Code   RO         5271    i.TIM8_PWM_CHANNEL_1_START  pwm.o
    0x08014bcc   0x00000048   Code   RO         5272    i.TIM8_PWM_CHANNEL_2_START  pwm.o
    0x08014c14   0x00000048   Code   RO         5274    i.TIM8_PWM_CHANNEL_4_START  pwm.o
    0x08014c5c   0x00000040   Code   RO         5195    i.TIM9_Init         timer.o
    0x08014c9c   0x0000000c   Code   RO         5196    i.TIM9_Stop         timer.o
    0x08014ca8   0x000000c0   Code   RO         2694    i.TIM_Base_SetConfig  stm32f4xx_hal_tim.o
    0x08014d68   0x00000016   Code   RO         2695    i.TIM_CCxChannelCmd  stm32f4xx_hal_tim.o
    0x08014d7e   0x00000002   PAD
    0x08014d80   0x00000058   Code   RO         2703    i.TIM_OC1_SetConfig  stm32f4xx_hal_tim.o
    0x08014dd8   0x00000064   Code   RO         2704    i.TIM_OC2_SetConfig  stm32f4xx_hal_tim.o
    0x08014e3c   0x00000060   Code   RO         2705    i.TIM_OC3_SetConfig  stm32f4xx_hal_tim.o
    0x08014e9c   0x00000050   Code   RO         2706    i.TIM_OC4_SetConfig  stm32f4xx_hal_tim.o
    0x08014eec   0x000000d0   Code   RO         5811    i.TestAll           function.o
    0x08014fbc   0x00000054   Code   RO        10685    i.Timer4_Init       usmart.o
    0x08015010   0x0000005c   Code   RO         4652    i.UART4_IRQHandler  usart.o
    0x0801506c   0x000000a6   Code   RO         3512    i.UART_Receive_IT   stm32f4xx_hal_uart.o
    0x08015112   0x00000002   PAD
    0x08015114   0x00000174   Code   RO         3513    i.UART_SetConfig    stm32f4xx_hal_uart.o
    0x08015288   0x00000066   Code   RO         3514    i.UART_Transmit_IT  stm32f4xx_hal_uart.o
    0x080152ee   0x00000092   Code   RO         3515    i.UART_WaitOnFlagUntilTimeout  stm32f4xx_hal_uart.o
    0x08015380   0x00000044   Code   RO         4653    i.USART1_IRQHandler  usart.o
    0x080153c4   0x00000070   Code   RO         4654    i.USART2_IRQHandler  usart.o
    0x08015434   0x00000070   Code   RO         4655    i.USART3_IRQHandler  usart.o
    0x080154a4   0x00000044   Code   RO         4656    i.USART6_IRQHandler  usart.o
    0x080154e8   0x0000021c   Code   RO         5812    i.UartWashletTig    function.o
    0x08015704   0x000001f0   Code   RO         5813    i.Uart_Auto_Arm_Leg_Left  function.o
    0x080158f4   0x00000240   Code   RO         5814    i.Uart_Auto_Arm_Leg_Left_Right  function.o
    0x08015b34   0x00000200   Code   RO         5815    i.Uart_Auto_Arm_Leg_Right  function.o
    0x08015d34   0x0000035c   Code   RO         5383    i.Uart_Auto_Hang_1  motor.o
    0x08016090   0x00000258   Code   RO         5384    i.Uart_Auto_Hang_1_2  motor.o
    0x080162e8   0x000002d0   Code   RO         5385    i.Uart_Auto_Hang_1_2_3_4  motor.o
    0x080165b8   0x00000414   Code   RO         5386    i.Uart_Auto_Hang_1_3  motor.o
    0x080169cc   0x0000038c   Code   RO         5387    i.Uart_Auto_Hang_3  motor.o
    0x08016d58   0x00000258   Code   RO         5388    i.Uart_Auto_Hang_3_4  motor.o
    0x08016fb0   0x000004fc   Code   RO         5816    i.Uart_Back         function.o
    0x080174ac   0x00000ccc   Code   RO         5817    i.Uart_Back_Leg     function.o
    0x08018178   0x0000054c   Code   RO         5818    i.Uart_Back_Nursing_Left  function.o
    0x080186c4   0x0000058c   Code   RO         5819    i.Uart_Back_Nursing_Right  function.o
    0x08018c50   0x000008cc   Code   RO         5820    i.Uart_Body_Left    function.o
    0x0801951c   0x000008f8   Code   RO         5821    i.Uart_Body_Right   function.o
    0x08019e14   0x00000584   Code   RO         5822    i.Uart_Desk         function.o
    0x0801a398   0x000006b4   Code   RO         5823    i.Uart_Desk1        function.o
    0x0801aa4c   0x00000074   Code   RO         5824    i.Uart_Dry_Auto     function.o
    0x0801aac0   0x00000178   Code   RO         5825    i.Uart_Dry_Hand     function.o
    0x0801ac38   0x00000040   Code   RO         5826    i.Uart_Exp_Back     function.o
    0x0801ac78   0x00000090   Code   RO         5827    i.Uart_Exp_Body     function.o
    0x0801ad08   0x00000088   Code   RO         5828    i.Uart_Exp_Leg      function.o
    0x0801ad90   0x00000004   Code   RO         5829    i.Uart_Exp_Washlet_Auto  function.o
    0x0801ad94   0x000004e8   Code   RO         5830    i.Uart_GB_Back      function.o
    0x0801b27c   0x00000050   Code   RO         5831    i.Uart_GB_Back_Nursing  function.o
    0x0801b2cc   0x00000898   Code   RO         5832    i.Uart_GB_Body_Left  function.o
    0x0801bb64   0x000008dc   Code   RO         5833    i.Uart_GB_Body_Right  function.o
    0x0801c440   0x00000044   Code   RO         5834    i.Uart_GB_Lock      function.o
    0x0801c484   0x00000060   Code   RO         5835    i.Uart_GB_Waist_Nursing  function.o
    0x0801c4e4   0x000001d4   Code   RO         5836    i.Uart_Hand_Arm_Fore_Left  function.o
    0x0801c6b8   0x000001f4   Code   RO         5837    i.Uart_Hand_Arm_Fore_Left_Right  function.o
    0x0801c8ac   0x000001e8   Code   RO         5838    i.Uart_Hand_Arm_Fore_Post_Left  function.o
    0x0801ca94   0x00000200   Code   RO         5839    i.Uart_Hand_Arm_Fore_Post_Left_Right  function.o
    0x0801cc94   0x000001ec   Code   RO         5840    i.Uart_Hand_Arm_Fore_Post_Right  function.o
    0x0801ce80   0x000001d8   Code   RO         5841    i.Uart_Hand_Arm_Fore_Right  function.o
    0x0801d058   0x000001a8   Code   RO         5842    i.Uart_Hand_Arm_Post_Left  function.o
    0x0801d200   0x000001c8   Code   RO         5843    i.Uart_Hand_Arm_Post_Left_Right  function.o
    0x0801d3c8   0x000001b4   Code   RO         5844    i.Uart_Hand_Arm_Post_Right  function.o
    0x0801d57c   0x00000528   Code   RO         5389    i.Uart_Hand_Hang_1  motor.o
    0x0801daa4   0x00000494   Code   RO         5390    i.Uart_Hand_Hang_1_2  motor.o
    0x0801df38   0x00000540   Code   RO         5391    i.Uart_Hand_Hang_1_2_3_4  motor.o
    0x0801e478   0x000005f8   Code   RO         5392    i.Uart_Hand_Hang_1_3  motor.o
    0x0801ea70   0x0000054c   Code   RO         5393    i.Uart_Hand_Hang_3  motor.o
    0x0801efbc   0x000004a4   Code   RO         5394    i.Uart_Hand_Hang_3_4  motor.o
    0x0801f460   0x000001d4   Code   RO         5845    i.Uart_Hand_Leg_Fore_Left  function.o
    0x0801f634   0x000001f4   Code   RO         5846    i.Uart_Hand_Leg_Fore_Left_Right  function.o
    0x0801f828   0x000001ec   Code   RO         5847    i.Uart_Hand_Leg_Fore_Post_Left  function.o
    0x0801fa14   0x00000208   Code   RO         5848    i.Uart_Hand_Leg_Fore_Post_Left_Right  function.o
    0x0801fc1c   0x000001ec   Code   RO         5849    i.Uart_Hand_Leg_Fore_Post_Right  function.o
    0x0801fe08   0x000001d8   Code   RO         5850    i.Uart_Hand_Leg_Fore_Right  function.o
    0x0801ffe0   0x000001b0   Code   RO         5851    i.Uart_Hand_Leg_Post_Left  function.o
    0x08020190   0x000001d4   Code   RO         5852    i.Uart_Hand_Leg_Post_Left_Right  function.o
    0x08020364   0x000001a8   Code   RO         5853    i.Uart_Hand_Leg_Post_Right  function.o
    0x0802050c   0x00000568   Code   RO         5854    i.Uart_Leg_Down     function.o
    0x08020a74   0x00000420   Code   RO         5855    i.Uart_Leg_Up       function.o
    0x08020e94   0x00000124   Code   RO         5395    i.Uart_Motor_6_2_START  motor.o
    0x08020fb8   0x0000021c   Code   RO         7003    i.Uart_Push_Rod_Dry  pump.o
    0x080211d4   0x0000020c   Code   RO         7004    i.Uart_Push_Rod_Swash  pump.o
    0x080213e0   0x00000054   Code   RO         5856    i.Uart_Res_Back     function.o
    0x08021434   0x00000058   Code   RO         5857    i.Uart_Res_Body_Left  function.o
    0x0802148c   0x00000058   Code   RO         5858    i.Uart_Res_Body_Right  function.o
    0x080214e4   0x0000005c   Code   RO         5859    i.Uart_Res_Desk     function.o
    0x08021540   0x000000a0   Code   RO         5860    i.Uart_Res_Leg      function.o
    0x080215e0   0x00000090   Code   RO         5862    i.Uart_Res_Power_Down  function.o
    0x08021670   0x000000ec   Code   RO         5865    i.Uart_Swash_Auto   function.o
    0x0802175c   0x00000200   Code   RO         5866    i.Uart_Swash_Dry    function.o
    0x0802195c   0x00000188   Code   RO         5867    i.Uart_Swash_Hand   function.o
    0x08021ae4   0x0000058c   Code   RO         5869    i.Uart_Waist_Nursing_Left  function.o
    0x08022070   0x00000578   Code   RO         5870    i.Uart_Waist_Nursing_Right  function.o
    0x080225e8   0x00000414   Code   RO         5871    i.Uart_Washlet      function.o
    0x080229fc   0x00000204   Code   RO         5872    i.Uart_WashletTigOnly  function.o
    0x08022c00   0x000002a8   Code   RO         5873    i.Uart_Washlet_Auto  function.o
    0x08022ea8   0x00000218   Code   RO         5874    i.Uart_Washlet_Tig  function.o
    0x080230c0   0x000002a0   Code   RO         5875    i.Uart_Washlet_Weight  function.o
    0x08023360   0x000000d4   Code   RO         5876    i.Uart_Weight       function.o
    0x08023434   0x00000002   Code   RO          365    i.UsageFault_Handler  stm32f4xx_it.o
    0x08023436   0x00000002   PAD
    0x08023438   0x00001ae8   Code   RO         7264    i.Usart2ReceiveJudge  mainjudge.o
    0x08024f20   0x00000064   Code   RO         7129    i.UsartCheck2       check.o
    0x08024f84   0x00000058   Code   RO         4941    i.W25QXX_Erase_Sector  w25qxx.o
    0x08024fdc   0x0000007c   Code   RO         4942    i.W25QXX_Init       w25qxx.o
    0x08025058   0x00000068   Code   RO         4944    i.W25QXX_Read       w25qxx.o
    0x080250c0   0x00000044   Code   RO         4945    i.W25QXX_ReadID     w25qxx.o
    0x08025104   0x00000038   Code   RO         4946    i.W25QXX_ReadSR     w25qxx.o
    0x0802513c   0x0000000e   Code   RO         4948    i.W25QXX_Wait_Busy  w25qxx.o
    0x0802514a   0x00000002   PAD
    0x0802514c   0x0000009c   Code   RO         4949    i.W25QXX_Write      w25qxx.o
    0x080251e8   0x00000020   Code   RO         4951    i.W25QXX_Write_Enable  w25qxx.o
    0x08025208   0x0000003e   Code   RO         4952    i.W25QXX_Write_NoCheck  w25qxx.o
    0x08025246   0x00000002   PAD
    0x08025248   0x0000006c   Code   RO         4953    i.W25QXX_Write_Page  w25qxx.o
    0x080252b4   0x00000440   Code   RO         5702    i.WashLet_V1        washlet.o
    0x080256f4   0x00000428   Code   RO         5703    i.WashLet_V2        washlet.o
    0x08025b1c   0x00000444   Code   RO         5877    i.Washlet           function.o
    0x08025f60   0x00000178   Code   RO         5396    i.WashletRun        motor.o
    0x080260d8   0x00000284   Code   RO         5878    i.Washlet_Auto      function.o
    0x0802635c   0x0000023c   Code   RO         5879    i.Washlet_Tig       function.o
    0x08026598   0x00001210   Code   RO         7265    i.WifiReceiveJudge  mainjudge.o
    0x080277a8   0x00000074   Code   RO         5882    i.Wifi_Send         function.o
    0x0802781c   0x0000002c   Code   RO         5887    i.WriteInUART2      function.o
    0x08027848   0x0000002c   Code   RO         5888    i.WriteInUART4      function.o
    0x08027874   0x00000030   Code   RO        11148    i.__ARM_fpclassify  m_wm.l(fpclassify.o)
    0x080278a4   0x0000000e   Code   RO        10932    i._is_digit         c_w.l(__printf_wp.o)
    0x080278b2   0x00000002   Code   RO         4657    i._sys_exit         usart.o
    0x080278b4   0x00000010   Code   RO         4658    i.abs               usart.o
    0x080278c4   0x00000064   Code   RO         8062    i.atk_8266_SET_AP   common.o
    0x08027928   0x00000060   Code   RO         8065    i.atk_8266_SET_STA  common.o
    0x08027988   0x00000030   Code   RO         8066    i.atk_8266_at_response  common.o
    0x080279b8   0x00000024   Code   RO         8067    i.atk_8266_check_cmd  common.o
    0x080279dc   0x00000050   Code   RO         8069    i.atk_8266_quit_trans  common.o
    0x08027a2c   0x00000048   Code   RO         8070    i.atk_8266_send_cmd  common.o
    0x08027a74   0x00000012   Code   RO         5889    i.back_angle_to_arr  function.o
    0x08027a86   0x00000012   Code   RO         5890    i.body_angle_to_arr  function.o
    0x08027a98   0x00000018   Code   RO         4585    i.delay_init        delay.o
    0x08027ab0   0x00000030   Code   RO         4586    i.delay_ms          delay.o
    0x08027ae0   0x00000034   Code   RO         4587    i.delay_us          delay.o
    0x08027b14   0x0000000c   Code   RO         5891    i.desk_distance_to_arr  function.o
    0x08027b20   0x00000058   Code   RO         8073    i.esp8266_Get_IP    common.o
    0x08027b78   0x0000008c   Code   RO         7077    i.filter            hx711.o
    0x08027c04   0x00000014   Code   RO         4659    i.fputc             usart.o
    0x08027c18   0x00000130   Code   RO         8078    i.get_apname_wifipassword  common.o
    0x08027d48   0x00000138   Code   RO         8079    i.get_ip_port       common.o
    0x08027e80   0x00000158   Code   RO         5892    i.get_newangle_usart2  function.o
    0x08027fd8   0x00000158   Code   RO         5893    i.get_newangle_wifi  function.o
    0x08028130   0x00000120   Code   RO         8080    i.get_wifiname_wifipassword  common.o
    0x08028250   0x00000012   Code   RO         5894    i.leg_angle_to_arr  function.o
    0x08028262   0x00000002   PAD
    0x08028264   0x00000048   Code   RO            4    i.main              main.o
    0x080282ac   0x00000004   Code   RO        10686    i.read_addr         usmart.o
    0x080282b0   0x000000b4   Code   RO         5895    i.test              function.o
    0x08028364   0x00000040   Code   RO         4660    i.u2_printf         usart.o
    0x080283a4   0x00000040   Code   RO         4662    i.u4_printf         usart.o
    0x080283e4   0x00000024   Code   RO         4664    i.uart4_init        usart.o
    0x08028408   0x00000024   Code   RO         4665    i.uart_init         usart.o
    0x0802842c   0x00000024   Code   RO         4666    i.usart2_init       usart.o
    0x08028450   0x00000024   Code   RO         4667    i.usart3_init       usart.o
    0x08028474   0x00000094   Code   RO        10687    i.usmart_cmd_rec    usmart.o
    0x08028508   0x00000260   Code   RO        10688    i.usmart_exe        usmart.o
    0x08028768   0x0000009c   Code   RO        10799    i.usmart_get_aparm  usmart_str.o
    0x08028804   0x0000002e   Code   RO        10800    i.usmart_get_cmdname  usmart_str.o
    0x08028832   0x00000002   PAD
    0x08028834   0x00000168   Code   RO        10801    i.usmart_get_fname  usmart_str.o
    0x0802899c   0x000000d0   Code   RO        10802    i.usmart_get_fparam  usmart_str.o
    0x08028a6c   0x00000024   Code   RO        10803    i.usmart_get_parmpos  usmart_str.o
    0x08028a90   0x00000030   Code   RO        10689    i.usmart_get_runtime  usmart.o
    0x08028ac0   0x00000028   Code   RO        10690    i.usmart_init       usmart.o
    0x08028ae8   0x00000010   Code   RO        10804    i.usmart_pow        usmart_str.o
    0x08028af8   0x00000010   Code   RO         4669    i.usmart_pow1       usart.o
    0x08028b08   0x00000028   Code   RO        10691    i.usmart_reset_runtime  usmart.o
    0x08028b30   0x000000a4   Code   RO        10692    i.usmart_scan       usmart.o
    0x08028bd4   0x00000010   Code   RO        10805    i.usmart_search_nextc  usmart_str.o
    0x08028be4   0x000000a0   Code   RO        10806    i.usmart_str2num    usmart_str.o
    0x08028c84   0x00000018   Code   RO        10807    i.usmart_strcmp     usmart_str.o
    0x08028c9c   0x00000012   Code   RO        10808    i.usmart_strcopy    usmart_str.o
    0x08028cae   0x00000012   Code   RO        10809    i.usmart_strlen     usmart_str.o
    0x08028cc0   0x00000052   Code   RO         4670    i.usmart_strnum     usart.o
    0x08028d12   0x00000052   Code   RO         4671    i.usmart_strnum2    usart.o
    0x08028d64   0x00000670   Code   RO        10693    i.usmart_sys_cmd_exe  usmart.o
    0x080293d4   0x00000004   Code   RO        10694    i.write_addr        usmart.o
    0x080293d8   0x0000002c   Code   RO        11132    locale$$code        c_w.l(lc_numeric_c.o)
    0x08029404   0x0000002c   Code   RO        11158    locale$$code        c_w.l(lc_ctype_c.o)
    0x08029430   0x00000150   Code   RO        10968    x$fpl$dadd          fz_wm.l(daddsub_clz.o)
    0x08029580   0x000002b0   Code   RO        10975    x$fpl$ddiv          fz_wm.l(ddiv.o)
    0x08029830   0x0000005e   Code   RO        10978    x$fpl$dfix          fz_wm.l(dfix.o)
    0x0802988e   0x00000002   PAD
    0x08029890   0x0000005a   Code   RO        10982    x$fpl$dfixu         fz_wm.l(dfixu.o)
    0x080298ea   0x0000002e   Code   RO        10987    x$fpl$dflt          fz_wm.l(dflt_clz.o)
    0x08029918   0x00000026   Code   RO        10986    x$fpl$dfltu         fz_wm.l(dflt_clz.o)
    0x0802993e   0x00000002   PAD
    0x08029940   0x00000154   Code   RO        10992    x$fpl$dmul          fz_wm.l(dmul.o)
    0x08029a94   0x0000009c   Code   RO        11046    x$fpl$dnaninf       fz_wm.l(dnaninf.o)
    0x08029b30   0x0000000c   Code   RO        11048    x$fpl$dretinf       fz_wm.l(dretinf.o)
    0x08029b3c   0x000001d4   Code   RO        10970    x$fpl$dsub          fz_wm.l(daddsub_clz.o)
    0x08029d10   0x00000056   Code   RO        10994    x$fpl$f2d           fz_wm.l(f2d.o)
    0x08029d66   0x0000008c   Code   RO        11050    x$fpl$fnaninf       fz_wm.l(fnaninf.o)
    0x08029df2   0x0000000a   Code   RO        11222    x$fpl$fpinit        fz_wm.l(fpinit.o)
    0x08029dfc   0x00000004   Code   RO        11052    x$fpl$printf1       fz_wm.l(printf1.o)
    0x08029e00   0x00000004   Code   RO        11054    x$fpl$printf2       fz_wm.l(printf2.o)
    0x08029e04   0x00000000   Code   RO        11060    x$fpl$usenofp       fz_wm.l(usenofp.o)
    0x08029e04   0x00000002   Data   RO            8    .constdata          main.o
    0x08029e06   0x00000002   Data   RO            9    .constdata          main.o
    0x08029e08   0x00000010   Data   RO         1579    .constdata          stm32f4xx_hal_rcc.o
    0x08029e18   0x00000028   Data   RO        10920    .constdata          c_w.l(_printf_hex_int_ll_ptr.o)
    0x08029e40   0x00000011   Data   RO        10940    .constdata          c_w.l(__printf_flags_ss_wp.o)
    0x08029e51   0x00000003   PAD
    0x08029e54   0x00000008   Data   RO        11018    .constdata          c_w.l(_printf_wctomb.o)
    0x08029e5c   0x00000026   Data   RO        11083    .constdata          c_w.l(_printf_fp_hex.o)
    0x08029e82   0x00000002   PAD
    0x08029e84   0x00000094   Data   RO        11107    .constdata          c_w.l(bigflt0.o)
    0x08029f18   0x00000028   Data   RO        10696    .conststring        usmart.o
    0x08029f40   0x00000090   Data   RO        10773    .conststring        usmart_config.o
    0x08029fd0   0x00000020   Data   RO        11275    Region$$Table       anon$$obj.o
    0x08029ff0   0x0000001c   Data   RO        11131    locale$$data        c_w.l(lc_numeric_c.o)
    0x0802a00c   0x00000110   Data   RO        11157    locale$$data        c_w.l(lc_ctype_c.o)


    Execution Region RW_IRAM1 (Base: 0x20000000, Size: 0x00003df8, Max: 0x00030000, ABSOLUTE, COMPRESSED[0x000000f0])

    Base Addr    Size         Type   Attr      Idx    E Section Name        Object

    0x20000000   0x00000001   Data   RW           10    .data               main.o
    0x20000001   0x00000001   Data   RW           11    .data               main.o
    0x20000002   0x00000001   Data   RW           12    .data               main.o
    0x20000003   0x00000001   Data   RW           13    .data               main.o
    0x20000004   0x00000001   Data   RW           14    .data               main.o
    0x20000005   0x00000001   Data   RW           15    .data               main.o
    0x20000006   0x00000001   Data   RW           16    .data               main.o
    0x20000007   0x00000014   Data   RW           17    .data               main.o
    0x2000001b   0x00000014   Data   RW           18    .data               main.o
    0x2000002f   0x00000014   Data   RW           19    .data               main.o
    0x20000043   0x00000014   Data   RW           20    .data               main.o
    0x20000057   0x0000000f   Data   RW           21    .data               main.o
    0x20000066   0x00000002   Data   RW           22    .data               main.o
    0x20000068   0x00000014   Data   RW          436    .data               system_stm32f4xx.o
    0x2000007c   0x00000004   Data   RW          600    .data               stm32f4xx_hal.o
    0x20000080   0x00000004   Data   RW         4588    .data               delay.o
    0x20000084   0x00000002   Data   RW         4675    .data               usart.o
    0x20000086   0x00000008   Data   RW         4677    .data               usart.o
    0x2000008e   0x00000002   PAD
    0x20000090   0x00000004   Data   RW         4678    .data               usart.o
    0x20000094   0x00000002   Data   RW         4956    .data               w25qxx.o
    0x20000096   0x00000002   PAD
    0x20000098   0x00000038   Data   RW         5397    .data               motor.o
    0x200000d0   0x00000004   Data   RW         5704    .data               washlet.o
    0x200000d4   0x000001b4   Data   RW         5899    .data               function.o
    0x20000288   0x00000004   Data   RW         5908    .data               function.o
    0x2000028c   0x00000004   Data   RW         5909    .data               function.o
    0x20000290   0x00000004   Data   RW         5910    .data               function.o
    0x20000294   0x00000004   Data   RW         5912    .data               function.o
    0x20000298   0x00000001   Data   RW         5913    .data               function.o
    0x20000299   0x00000001   Data   RW         5914    .data               function.o
    0x2000029a   0x00000001   Data   RW         5915    .data               function.o
    0x2000029b   0x00000001   Data   RW         5916    .data               function.o
    0x2000029c   0x00000001   Data   RW         5917    .data               function.o
    0x2000029d   0x00000001   Data   RW         5918    .data               function.o
    0x2000029e   0x00000001   Data   RW         5919    .data               function.o
    0x2000029f   0x00000001   Data   RW         5920    .data               function.o
    0x200002a0   0x00000001   Data   RW         5921    .data               function.o
    0x200002a1   0x00000001   Data   RW         5922    .data               function.o
    0x200002a2   0x00000001   Data   RW         5923    .data               function.o
    0x200002a3   0x00000001   Data   RW         5924    .data               function.o
    0x200002a4   0x00000001   Data   RW         5925    .data               function.o
    0x200002a5   0x00000001   Data   RW         5926    .data               function.o
    0x200002a6   0x00000001   Data   RW         5927    .data               function.o
    0x200002a7   0x00000001   Data   RW         5928    .data               function.o
    0x200002a8   0x00000001   Data   RW         5929    .data               function.o
    0x200002a9   0x00000001   Data   RW         5930    .data               function.o
    0x200002aa   0x00000002   PAD
    0x200002ac   0x00000004   Data   RW         7078    .data               hx711.o
    0x200002b0   0x00000009   Data   RW         8083    .data               common.o
    0x200002b9   0x00000001   Data   RW         8084    .data               common.o
    0x200002ba   0x00000002   PAD
    0x200002bc   0x0000001c   Data   RW         8368    .data               cpu_core.o
    0x200002d8   0x00000004   Data   RW        10135    .data               os_var.o
    0x200002dc   0x00000001   Data   RW        10147    .data               os_var.o
    0x200002dd   0x00000001   Data   RW        10148    .data               os_var.o
    0x200002de   0x00000002   PAD
    0x200002e0   0x00000004   Data   RW        10179    .data               os_var.o
    0x200002e4   0x00000004   Data   RW        10180    .data               os_var.o
    0x200002e8   0x00000004   Data   RW        10207    .data               os_cpu_c.o
    0x200002ec   0x0000001c   Data   RW        10697    .data               usmart.o
    0x20000308   0x00000020   Data   RW        10774    .data               usmart_config.o
    0x20000328   0x000000f4   Data   RW        10775    .data               usmart_config.o
    0x2000041c   0x00000014   Zero   RW            6    .bss                main.o
    0x20000430   0x00000014   Zero   RW            7    .bss                main.o
    0x20000444   0x000000c8   Zero   RW         4672    .bss                usart.o
    0x2000050c   0x00000004   PAD
    0x20000510   0x00002018   Zero   RW         4673    .bss                usart.o
    0x20002528   0x00000058   Zero   RW         4896    .bss                spi.o
    0x20002580   0x00001000   Zero   RW         4955    .bss                w25qxx.o
    0x20003580   0x000000f0   Zero   RW         5197    .bss                timer.o
    0x20003670   0x00000058   Zero   RW         5275    .bss                pwm.o
    0x200036c8   0x00000094   Zero   RW         6897    .bss                nand.o
    0x2000375c   0x0000003c   Zero   RW        10695    .bss                usmart.o
    0x20003798   0x00000060   Zero   RW        11151    .bss                c_w.l(libspace.o)
    0x200037f8   0x00000200   Zero   RW          568    HEAP                startup_stm32f429xx.o
    0x200039f8   0x00000400   Zero   RW          567    STACK               startup_stm32f429xx.o



  Load Region LR$$.ARM.__AT_0x10000000 (Base: 0x10000000, Size: 0x00000000, Max: 0x0000f000, ABSOLUTE)

    Execution Region ER$$.ARM.__AT_0x10000000 (Base: 0x10000000, Size: 0x0000f000, Max: 0x0000f000, ABSOLUTE, UNINIT)

    Base Addr    Size         Type   Attr      Idx    E Section Name        Object

    0x10000000   0x0000f000   Zero   RW         7312    .ARM.__AT_0x10000000  malloc.o



  Load Region LR$$.ARM.__AT_0x1000F000 (Base: 0x1000f000, Size: 0x00000000, Max: 0x00000f00, ABSOLUTE)

    Execution Region ER$$.ARM.__AT_0x1000F000 (Base: 0x1000f000, Size: 0x00000f00, Max: 0x00000f00, ABSOLUTE, UNINIT)

    Base Addr    Size         Type   Attr      Idx    E Section Name        Object

    0x1000f000   0x00000f00   Zero   RW         7313    .ARM.__AT_0x1000F000  malloc.o



  Load Region LR$$.ARM.__AT_0xC01F4000 (Base: 0xc01f4000, Size: 0x00000000, Max: 0x01c3c000, ABSOLUTE)

    Execution Region ER$$.ARM.__AT_0xC01F4000 (Base: 0xc01f4000, Size: 0x01c3c000, Max: 0x01c3c000, ABSOLUTE, UNINIT)

    Base Addr    Size         Type   Attr      Idx    E Section Name        Object

    0xc01f4000   0x01c3c000   Zero   RW         7314    .ARM.__AT_0xC01F4000  malloc.o



  Load Region LR$$.ARM.__AT_0xC1E30000 (Base: 0xc1e30000, Size: 0x00000000, Max: 0x001c3c00, ABSOLUTE)

    Execution Region ER$$.ARM.__AT_0xC1E30000 (Base: 0xc1e30000, Size: 0x001c3c00, Max: 0x001c3c00, ABSOLUTE, UNINIT)

    Base Addr    Size         Type   Attr      Idx    E Section Name        Object

    0xc1e30000   0x001c3c00   Zero   RW         7315    .ARM.__AT_0xC1E30000  malloc.o


==============================================================================

Image component sizes


      Code (inc. data)   RO Data    RW Data    ZI Data      Debug   Object Name

        12          6          0          0          0      10079   bsp.o
      1996        792          0          0          0       4104   check.o
      3556       1608          0         10          0      11903   common.o
        52          0          0          0          0        336   cpu_a.o
        80         14          0         28          0      12470   cpu_core.o
       124         10          0          4          0       1879   delay.o
       504         46          0          0          0       4587   ds18b20.o
     89442      36196          0        470          0     148661   function.o
      1448        568          0          0          0       2032   hang.o
       448         48          0          4          0       2282   hx711.o
       212         24          0          0          0       1111   key.o
       124         16          0          0          0       1456   led.o
        72         14          4        104         40     428769   main.o
     11618       5414          0          0          0       7166   mainjudge.o
         0          0          0          0   31521536       1969   malloc.o
     29882      13882          0         56          0      48442   motor.o
       616         76          0          0          0       4898   myiic.o
       600         66          0          0        148       6532   nand.o
         0          0          0          0          0       2464   os_cfg_app.o
       280         14          0          0          0        424   os_cpu_a.o
       112         14          0          4          0       1514   os_cpu_c.o
         0          0          0         14          0      17754   os_var.o
       240          8          0          0          0       3365   pcf8574.o
      3008        998          0          0          0       6907   pump.o
       636         74          0          0         88       4985   pwm.o
       532        252          0          0          0        747   reset.o
       248         28          0          0         88       2818   spi.o
        64         26        428          0       1536        836   startup_stm32f429xx.o
       122         16          0          4          0       4120   stm32f4xx_hal.o
       218         14          0          0          0      30549   stm32f4xx_hal_cortex.o
       486         54          0          0          0       2332   stm32f4xx_hal_gpio.o
        98          0          0          0          0       1144   stm32f4xx_hal_nand.o
       136         14          0          0          0       1284   stm32f4xx_hal_pwr_ex.o
      1572         72         16          0          0       6003   stm32f4xx_hal_rcc.o
       972          0          0          0          0       3229   stm32f4xx_hal_spi.o
      1016         88          0          0          0       9203   stm32f4xx_hal_tim.o
      1442          8          0          0          0       9144   stm32f4xx_hal_uart.o
        18          0          0          0          0       3565   stm32f4xx_it.o
       176          6          0          0          0       2469   stm32f4xx_ll_fmc.o
       128         10          0          0          0       1059   sys.o
        84         18          0         20          0       1049   system_stm32f4xx.o
       396         86          0          0        240       5505   timer.o
      1578        158          0         14       8416      14406   usart.o
      2840       1338         40         28         60       7635   usmart.o
         0          0        144        276          0       1580   usmart_config.o
      1058         20          0          0          0       7963   usmart_str.o
       812         66          0          2       4096       6997   w25qxx.o
      2152       1090          0          4          0       2114   washlet.o

    ----------------------------------------------------------------------
    161262      63252        664       1052   31536252     861840   Object Totals
         0          0         32          0          0          0   (incl. Generated)
        52          0          0         10          4          0   (incl. Padding)

    ----------------------------------------------------------------------

      Code (inc. data)   RO Data    RW Data    ZI Data      Debug   Library Member Name

        24          4          0          0          0         84   __2printf.o
        90          0          0          0          0          0   __dczerorl2.o
         8          0          0          0          0         68   __main.o
       392          4         17          0          0         92   __printf_flags_ss_wp.o
        14          0          0          0          0         68   __printf_wp.o
         0          0          0          0          0          0   __rtentry.o
        12          0          0          0          0          0   __rtentry2.o
         6          0          0          0          0          0   __rtentry4.o
        52          8          0          0          0          0   __scatter.o
        28          0          0          0          0          0   __scatter_zi.o
         6          0          0          0          0          0   _printf_a.o
         6          0          0          0          0          0   _printf_c.o
        44          0          0          0          0        108   _printf_char.o
        48          6          0          0          0         96   _printf_char_common.o
        36          4          0          0          0         80   _printf_char_file.o
        40          0          0          0          0         68   _printf_charcount.o
         6          0          0          0          0          0   _printf_d.o
       120         16          0          0          0         92   _printf_dec.o
         6          0          0          0          0          0   _printf_e.o
         6          0          0          0          0          0   _printf_f.o
      1050          0          0          0          0        216   _printf_fp_dec.o
       764         10         38          0          0        100   _printf_fp_hex.o
       128         16          0          0          0         84   _printf_fp_infnan.o
         6          0          0          0          0          0   _printf_g.o
       148          4         40          0          0        160   _printf_hex_int_ll_ptr.o
         6          0          0          0          0          0   _printf_i.o
       178          0          0          0          0         88   _printf_intcommon.o
        10          0          0          0          0          0   _printf_l.o
         6          0          0          0          0          0   _printf_lc.o
        10          0          0          0          0          0   _printf_ll.o
         6          0          0          0          0          0   _printf_lld.o
         6          0          0          0          0          0   _printf_lli.o
         6          0          0          0          0          0   _printf_llo.o
         6          0          0          0          0          0   _printf_llu.o
         6          0          0          0          0          0   _printf_llx.o
       124         16          0          0          0         92   _printf_longlong_dec.o
         6          0          0          0          0          0   _printf_ls.o
         6          0          0          0          0          0   _printf_n.o
         6          0          0          0          0          0   _printf_o.o
       112          8          0          0          0        124   _printf_oct_int_ll.o
         6          0          0          0          0          0   _printf_p.o
        78          0          0          0          0        108   _printf_pad.o
         0          0          0          0          0          0   _printf_percent.o
         4          0          0          0          0          0   _printf_percent_end.o
         6          0          0          0          0          0   _printf_s.o
        82          0          0          0          0         80   _printf_str.o
        36          0          0          0          0         84   _printf_truncate.o
         6          0          0          0          0          0   _printf_u.o
        44          0          0          0          0        108   _printf_wchar.o
       188          6          8          0          0         92   _printf_wctomb.o
         6          0          0          0          0          0   _printf_x.o
        10          0          0          0          0         68   _sputc.o
        64          0          0          0          0         92   _wcrtomb.o
       220          4        148          0          0         96   bigflt0.o
      1910        128          0          0          0        672   btod.o
        12          0          0          0          0         72   exit.o
         8          0          0          0          0         68   ferror.o
         6          0          0          0          0        152   heapauxi.o
        44         10        272          0          0         76   lc_ctype_c.o
        44         10         28          0          0         76   lc_numeric_c.o
         2          0          0          0          0          0   libinit.o
        34          0          0          0          0          0   libinit2.o
         2          0          0          0          0          0   libshutdown.o
         2          0          0          0          0          0   libshutdown2.o
         8          4          0          0         96         68   libspace.o
       138          0          0          0          0         80   lludiv10.o
        16          4          0          0          0         76   rt_ctype_table.o
         8          4          0          0          0         68   rt_locale_intlibspace.o
        68          0          0          0          0         68   rt_memclr.o
        78          0          0          0          0         80   rt_memclr_w.o
       138          0          0          0          0         68   rt_memcpy_v6.o
       100          0          0          0          0         80   rt_memcpy_w.o
         2          0          0          0          0          0   rtexit.o
        10          0          0          0          0          0   rtexit2.o
       128          0          0          0          0         68   strcmpv7m.o
        62          0          0          0          0         76   strlen.o
        36          0          0          0          0         80   strstr.o
        74          0          0          0          0         80   sys_stackheap_outer.o
         2          0          0          0          0         68   use_no_semi.o
         2          0          0          0          0         68   use_no_semi_2.o
        36          4          0          0          0         76   vsprintf.o
       804         16          0          0          0        368   daddsub_clz.o
       688        140          0          0          0        256   ddiv.o
        94          4          0          0          0        140   dfix.o
        90          4          0          0          0        140   dfixu.o
        84          0          0          0          0        232   dflt_clz.o
       340         12          0          0          0        152   dmul.o
       156          4          0          0          0        140   dnaninf.o
        12          0          0          0          0        116   dretinf.o
        86          4          0          0          0        132   f2d.o
       140          4          0          0          0        132   fnaninf.o
        10          0          0          0          0        116   fpinit.o
         4          0          0          0          0        116   printf1.o
         4          0          0          0          0        116   printf2.o
         0          0          0          0          0          0   usenofp.o
        48          0          0          0          0        124   fpclassify.o

    ----------------------------------------------------------------------
      9834        458        556          0         96       6848   Library Totals
        20          0          5          0          0          0   (incl. Padding)

    ----------------------------------------------------------------------

      Code (inc. data)   RO Data    RW Data    ZI Data      Debug   Library Name

      7254        270        551          0         96       4568   c_w.l
      2512        188          0          0          0       2156   fz_wm.l
        48          0          0          0          0        124   m_wm.l

    ----------------------------------------------------------------------
      9834        458        556          0         96       6848   Library Totals

    ----------------------------------------------------------------------

==============================================================================


      Code (inc. data)   RO Data    RW Data    ZI Data      Debug   

    171096      63710       1220       1052   31536348     824240   Grand Totals
    171096      63710       1220        240   31536348     824240   ELF Image Totals (compressed)
    171096      63710       1220        240          0          0   ROM Totals

==============================================================================

    Total RO  Size (Code + RO Data)               172316 ( 168.28kB)
    Total RW  Size (RW Data + ZI Data)          31537400 (30798.24kB)
    Total ROM Size (Code + RO Data + RW Data)     172556 ( 168.51kB)

==============================================================================

